Анализ памяти Java-приложения: Tracker

Мониторинг в реальном времени:
1)
1.1. В начале работы приложения при запуске команды jmap -histo 7008 получаем следующий перечень классов, которые были запущены:

 num     #instances         #bytes  class name (module)
-------------------------------------------------------
   1:          1495        2831208  [I (java.base@17.0.9)
   2:         14836        1585672  [B (java.base@17.0.9)
   3:         12014         384448  java.util.HashMap$Node (java.base@17.0.9)
   4:         11828         283872  java.lang.String (java.base@17.0.9)
   5:           870         187504  [Ljava.util.HashMap$Node; (java.base@17.0.9)
   6:          3744         180008  [Ljava.lang.Object; (java.base@17.0.9)
   7:          1319         161384  java.lang.Class (java.base@17.0.9)
   8:           322         134448  [C (java.base@17.0.9)
   9:          2981          95392  java.util.concurrent.ConcurrentHashMap$Node (java.base@17.0.9)
  10:          1003          56168  jdk.internal.org.objectweb.asm.SymbolTable$Entry (java.base@17.0.9)
  11:            62          52000  [Ljdk.internal.org.objectweb.asm.SymbolTable$Entry; (java.base@17.0.9)
  12:          1216          48640  java.util.LinkedHashMap$Entry (java.base@17.0.9)
  13:           931          37240  java.lang.invoke.MethodType (java.base@17.0.9)
  14:           663          37104  [Ljava.lang.String; (java.base@17.0.9)
  15:            87          34800  [Ljava.util.concurrent.ConcurrentHashMap$Node; (java.base@17.0.9)
  16:           692          33216  java.lang.invoke.MemberName (java.base@17.0.9)
  17:           689          33072  java.util.HashMap (java.base@17.0.9)
  18:          1055          29184  [Ljava.lang.Class; (java.base@17.0.9)
  19:           588          23520  java.util.HashMap$KeyIterator (java.base@17.0.9)
  20:           803          19272  java.lang.StringBuilder (java.base@17.0.9)
  21:           192          14592  [Ljava.lang.ref.SoftReference; (java.base@17.0.9)
  22:           588          14112  java.util.ImmutableCollections$Set12$1 (java.base@17.0.9)
  23:           552          13248  java.util.ImmutableCollections$SetN$SetNIterator (java.base@17.0.9)
  24:           334          10688  java.lang.invoke.MethodType$ConcurrentWeakInternSet$WeakEntry (java.base@17.0.9)
  25:           326          10432  java.lang.invoke.LambdaForm$Name (java.base@17.0.9)
  26:            46          10304  jdk.internal.org.objectweb.asm.MethodWriter (java.base@17.0.9)
  27:           213           9928  [Ljava.lang.invoke.LambdaForm$Name; (java.base@17.0.9)
  28:           370           8880  java.lang.module.ModuleDescriptor$Exports (java.base@17.0.9)
  29:           528           8448  java.util.HashSet (java.base@17.0.9)
  30:           485           7760  java.util.Optional (java.base@17.0.9)
  31:            49           7448  jdk.internal.org.objectweb.asm.ClassWriter (java.base@17.0.9)
  32:            19           6992  java.lang.Thread (java.base@17.0.9)
  33:            50           6864  [Ljava.lang.invoke.MethodHandle; (java.base@17.0.9)
  34:            21           6720  [J (java.base@17.0.9)
  35:           278           6672  java.util.ImmutableCollections$Set12 (java.base@17.0.9)
  36:           256           6144  java.lang.Long (java.base@17.0.9)
  37:             6           5968  [[Ljava.lang.Object; (java.base@17.0.9)
  38:            73           5840  java.net.URI (java.base@17.0.9)
  39:            90           5760  java.util.concurrent.ConcurrentHashMap (java.base@17.0.9)
  40:           141           5640  java.lang.ref.SoftReference (java.base@17.0.9)
  41:           233           5592  java.lang.invoke.ResolvedMethodName (java.base@17.0.9)
  42:           344           5504  java.lang.Integer (java.base@17.0.9)
  43:            75           5400  java.lang.reflect.Constructor (java.base@17.0.9)
  44:           168           5376  java.lang.module.ModuleDescriptor$Requires (java.base@17.0.9)
  45:           191           4584  jdk.internal.module.ServicesCatalog$ServiceProvider (java.base@17.0.9)
  46:            71           4544  java.lang.module.ModuleDescriptor (java.base@17.0.9)
  47:            71           4544  java.net.URL (java.base@17.0.9)
  48:            71           4544  java.util.stream.ReferencePipeline$2 (java.base@17.0.9)
  49:           171           4104  java.util.KeyValueHolder (java.base@17.0.9)
  50:            73           4088  jdk.internal.org.objectweb.asm.Label (java.base@17.0.9)
  51:           254           4064  java.lang.Object (java.base@17.0.9)
  52:            71           3976  java.util.stream.ReferencePipeline$Head (java.base@17.0.9)
  53:            71           3976  jdk.internal.module.Builder (java.base@17.0.9)
  54:            71           3976  jdk.internal.module.ModuleReferenceImpl (java.base@17.0.9)
  55:            81           3888  java.lang.invoke.LambdaForm (java.base@17.0.9)
  56:            69           3864  java.lang.Module (java.base@17.0.9)
  57:           157           3768  jdk.internal.org.objectweb.asm.ByteVector (java.base@17.0.9)
  58:            36           3744  java.lang.invoke.InnerClassLambdaMetafactory (java.base@17.0.9)
  59:           154           3696  java.time.LocalDateTime (java.base@17.0.9)
  60:            90           3600  java.math.BigInteger (java.base@17.0.9)
  61:           150           3600  java.util.ImmutableCollections$SetN (java.base@17.0.9)
  62:           111           3552  java.lang.invoke.MethodHandles$Lookup (java.base@17.0.9)
  63:           108           3456  java.util.HexFormat (java.base@17.0.9)
  64:            72           3456  jdk.internal.ref.CleanerImpl$PhantomCleanableRef (java.base@17.0.9)
  65:           107           3424  java.lang.invoke.MethodTypeForm (java.base@17.0.9)
  66:            99           3168  java.io.File (java.base@17.0.9)
  67:            49           3136  jdk.internal.org.objectweb.asm.SymbolTable (java.base@17.0.9)
  68:            44           2816  java.lang.Class$ReflectionData (java.base@17.0.9)
  69:            70           2800  java.util.Spliterators$IteratorSpliterator (java.base@17.0.9)
  70:           116           2784  java.lang.invoke.LambdaForm$NamedFunction (java.base@17.0.9)
  71:            71           2760  [Ljava.lang.module.ModuleDescriptor$Exports; (java.base@17.0.9)
  72:           100           2680  [Ljdk.internal.module.ServicesCatalog$ServiceProvider; (java.base@17.0.9)
  73:           106           2544  java.util.concurrent.ConcurrentHashMap$MapEntry (java.base@17.0.9)
  74:            52           2496  jdk.internal.org.objectweb.asm.Frame (java.base@17.0.9)
  75:           103           2472  [[C (java.base@17.0.9)
  76:            76           2432  java.time.zone.ZoneOffsetTransition (java.base@17.0.9)
  77:           151           2416  java.util.HashMap$KeySet (java.base@17.0.9)
  78:            93           2232  java.util.ArrayList (java.base@17.0.9)
  79:            92           2208  java.time.LocalDate (java.base@17.0.9)
  80:            46           2208  sun.nio.cs.SingleByte$Decoder (java.base@17.0.9)
  81:            68           2176  java.lang.invoke.LambdaForm$Kind (java.base@17.0.9)
  82:            90           2160  java.util.ImmutableCollections$List12 (java.base@17.0.9)
  83:            67           2144  java.util.ArrayList$Itr (java.base@17.0.9)
  84:            63           2016  java.lang.invoke.DirectMethodHandle (java.base@17.0.9)
  85:            63           2016  jdk.internal.loader.BuiltinClassLoader$LoadedModule (java.base@17.0.9)
  86:            71           1992  [Ljava.lang.module.ModuleDescriptor$Requires; (java.base@17.0.9)
  87:            60           1920  jdk.internal.org.objectweb.asm.Type (java.base@17.0.9)
  88:            39           1872  jdk.internal.org.objectweb.asm.AnnotationWriter (java.base@17.0.9)
  89:            32           1792  java.io.FileCleanable (java.base@17.0.9)
  90:            73           1752  java.util.concurrent.CopyOnWriteArrayList (java.base@17.0.9)
  91:            31           1736  java.util.concurrent.ConcurrentHashMap$ValueIterator (java.base@17.0.9)
  92:            71           1704  java.util.stream.ReferencePipeline$2$1 (java.base@17.0.9)
  93:            71           1704  jdk.internal.module.SystemModuleFinders$2 (java.base@17.0.9)
  94:            53           1696  java.util.concurrent.ConcurrentHashMap$ReservationNode (java.base@17.0.9)
  95:            69           1656  java.util.stream.FindOps$FindSink$OfRef (java.base@17.0.9)
  96:            41           1640  java.io.ObjectStreamField (java.base@17.0.9)
  97:            71           1512  [Ljava.lang.module.ModuleDescriptor$Provides; (java.base@17.0.9)
  98:            63           1512  java.lang.module.ModuleDescriptor$Provides (java.base@17.0.9)
  99:            63           1512  java.lang.module.ResolvedModule (java.base@17.0.9)
 100:            63           1512  jdk.internal.loader.BuiltinClassLoader$5 (java.base@17.0.9)
 101:            63           1512  jdk.internal.module.SystemModuleFinders$SystemModuleReader (java.base@17.0.9)
 102:            17           1496  java.lang.reflect.Method (java.base@17.0.9)
 103:            14           1456  java.util.jar.JarFile$JarFileEntry (java.base@17.0.9)
 104:            60           1440  [Ljava.lang.reflect.Constructor; (java.base@17.0.9)
 105:            36           1440  java.io.FileDescriptor (java.base@17.0.9)
 106:            30           1440  java.time.temporal.ValueRange (java.base@17.0.9)
 107:             1           1424  [[B (java.base@17.0.9)
 108:            56           1344  java.util.jar.Attributes$Name (java.base@17.0.9)
 109:            42           1344  sun.util.locale.BaseLocale (java.base@17.0.9)
 110:            19           1216  jdk.internal.org.objectweb.asm.FieldWriter (java.base@17.0.9)
 111:            30           1200  java.lang.invoke.DirectMethodHandle$Accessor (java.base@17.0.9)
 112:            30           1200  java.time.temporal.ChronoField (java.base@17.0.9)
 113:            38           1184  [Ljava.math.BigInteger; (java.base@17.0.9)
 114:            37           1184  java.lang.invoke.MethodHandleNatives$CallSiteContext (java.base@17.0.9)
 115:            37           1184  jdk.internal.reflect.NativeConstructorAccessorImpl (java.base@17.0.9)
 116:            71           1160  [Ljava.lang.module.ModuleDescriptor$Opens; (java.base@17.0.9)
 117:            29           1160  java.lang.invoke.DirectMethodHandle$Constructor (java.base@17.0.9)
 118:            18           1152  sun.nio.cs.SingleByte$Encoder (java.base@17.0.9)
 119:             4           1128  [Ljava.lang.Integer; (java.base@17.0.9)
 120:            28           1120  java.security.CodeSource (java.base@17.0.9)
 121:            67           1072  jdk.internal.module.SystemModuleFinders$3 (java.base@17.0.9)
 122:             1           1040  [Ljava.lang.Long; (java.base@17.0.9)
 123:            26           1040  java.lang.invoke.MethodHandleImpl$IntrinsicMethodHandle (java.base@17.0.9)
 124:            20           1024  [Lsun.invoke.util.Wrapper; (java.base@17.0.9)
 125:            31            992  java.lang.invoke.VarHandle$AccessMode (java.base@17.0.9)
 126:            31            992  java.nio.file.attribute.FileTime (java.base@17.0.9)
 127:            12            960  [Ljava.util.WeakHashMap$Entry; (java.base@17.0.9)
 128:            24            960  java.security.AccessControlContext (java.base@17.0.9)
 129:            17            952  java.nio.HeapCharBuffer (java.base@17.0.9)
 130:            29            928  java.lang.invoke.BoundMethodHandle$Species_L (java.base@17.0.9)
 131:            29            928  java.lang.ref.ReferenceQueue (java.base@17.0.9)
 132:            29            928  java.util.Locale (java.base@17.0.9)
 133:            37            888  java.lang.invoke.ConstantCallSite (java.base@17.0.9)
 134:            11            880  java.util.zip.ZipFile$Source (java.base@17.0.9)
 135:            36            864  java.lang.invoke.InfoFromMemberName (java.base@17.0.9)
 136:             5            840  [Ljava.util.Map$Entry; (java.base@17.0.9)
 137:            15            840  java.util.zip.ZipFile$ZipFileInputStream (java.base@17.0.9)
 138:            21            840  sun.util.locale.LocaleObjectCache$CacheEntry (java.base@17.0.9)
 139:             4            832  [Z (java.base@17.0.9)
 140:            13            832  java.lang.invoke.InvokerBytecodeGenerator (java.base@17.0.9)
 141:            26            832  java.lang.invoke.SimpleMethodHandle (java.base@17.0.9)
 142:            51            816  java.lang.Byte (java.base@17.0.9)
 143:            34            816  java.lang.invoke.LambdaFormEditor$TransformKey (java.base@17.0.9)
 144:            34            816  java.util.ImmutableCollections$ListN (java.base@17.0.9)
 145:            20            800  java.util.WeakHashMap$Entry (java.base@17.0.9)
 146:            24            768  sun.util.resources.Bundles$CacheKey (java.base@17.0.9)
 147:            23            736  java.lang.invoke.MethodHandles$Lookup$ClassDefiner (java.base@17.0.9)
 148:            23            736  sun.util.locale.BaseLocale$Key (java.base@17.0.9)
 149:            22            704  java.io.FileInputStream (java.base@17.0.9)
 150:            11            704  sun.nio.fs.WindowsFileAttributes (java.base@17.0.9)
 151:            27            648  java.time.LocalTime (java.base@17.0.9)
 152:             2            640  [Ljava.time.LocalDateTime; (java.base@17.0.9)
 153:            10            640  java.util.zip.Inflater (java.base@17.0.9)
 154:            27            632  [Ljdk.internal.org.objectweb.asm.Type; (java.base@17.0.9)
 155:             3            624  [Ljava.lang.invoke.LambdaForm; (java.base@17.0.9)
 156:            11            616  java.util.jar.JarFile (java.base@17.0.9)
 157:            25            600  java.security.SecureClassLoader$1 (java.base@17.0.9)
 158:            37            592  jdk.internal.reflect.DelegatingConstructorAccessorImpl (java.base@17.0.9)
 159:             2            576  [Ljava.lang.invoke.LambdaForm$Kind; (java.base@17.0.9)
 160:             8            576  [S (java.base@17.0.9)
 161:            12            576  java.lang.invoke.LambdaFormBuffer (java.base@17.0.9)
 162:            12            576  java.lang.invoke.LambdaFormEditor$Transform (java.base@17.0.9)
 163:             9            576  java.nio.DirectByteBuffer (java.base@17.0.9)
 164:             9            576  java.nio.DirectByteBufferR (java.base@17.0.9)
 165:            12            576  java.util.WeakHashMap (java.base@17.0.9)
 166:            18            576  jdk.internal.loader.URLClassPath$FileLoader$1 (java.base@17.0.9)
 167:             7            560  java.util.concurrent.TimeUnit (java.base@17.0.9)
 168:            10            560  java.util.zip.ZipFile$ZipFileInflaterInputStream (java.base@17.0.9)
 169:            10            560  sun.invoke.util.Wrapper (java.base@17.0.9)
 170:            23            552  java.lang.invoke.InnerClassLambdaMetafactory$1 (java.base@17.0.9)
 171:            23            552  java.lang.invoke.MethodHandles$Lookup$ClassFile (java.base@17.0.9)
 172:             2            544  [Ljava.lang.module.ResolvedModule; (java.base@17.0.9)
 173:            34            544  java.lang.invoke.LambdaFormEditor (java.base@17.0.9)
 174:            17            544  java.util.concurrent.ConcurrentHashMap$ForwardingNode (java.base@17.0.9)
 175:            11            528  jdk.internal.loader.URLClassPath$JarLoader (java.base@17.0.9)
 176:            14            520  [Ljava.lang.invoke.LambdaForm$NamedFunction; (java.base@17.0.9)
 177:            16            512  java.time.temporal.ChronoUnit (java.base@17.0.9)
 178:            16            512  java.util.ImmutableCollections$ListItr (java.base@17.0.9)
 179:            31            496  java.lang.ref.ReferenceQueue$Lock (java.base@17.0.9)
 180:            12            480  java.lang.OutOfMemoryError (java.base@17.0.9)
 181:            10            480  jdk.internal.org.objectweb.asm.ClassReader (java.base@17.0.9)
 182:            12            480  sun.nio.fs.WindowsPath (java.base@17.0.9)
 183:            12            480  sun.util.locale.LanguageTag (java.base@17.0.9)
 184:             8            448  java.nio.HeapByteBuffer (java.base@17.0.9)
 185:             8            448  java.util.LinkedHashMap (java.base@17.0.9)
 186:             8            448  sun.util.calendar.ZoneInfo (java.base@17.0.9)
 187:            11            440  java.util.zip.ZipFile$Source$End (java.base@17.0.9)
 188:             1            432  [[[C (java.base@17.0.9)
 189:             9            432  java.lang.invoke.BoundMethodHandle$SpeciesData (java.base@17.0.9)
 190:            17            408  java.lang.invoke.Invokers (java.base@17.0.9)
 191:            17            408  java.time.Duration (java.base@17.0.9)
 192:            13            400  [Ljava.io.ObjectStreamField; (java.base@17.0.9)
 193:            25            400  java.security.SecureClassLoader$CodeSourceKey (java.base@17.0.9)
 194:             2            384  [Ljava.time.ZoneOffset; (java.base@17.0.9)
 195:            16            384  java.time.ZoneOffset (java.base@17.0.9)
 196:             6            384  java.util.stream.IntPipeline$10 (java.base@17.0.9)
 197:             1            376  com.intellij.rt.execution.application.AppMainV2$1
 198:             1            376  java.lang.ref.Finalizer$FinalizerThread (java.base@17.0.9)
 199:             1            376  jdk.internal.misc.InnocuousThread (java.base@17.0.9)
 200:             1            368  java.lang.ref.Reference$ReferenceHandler (java.base@17.0.9)
 201:             9            360  [Ljava.lang.invoke.BoundMethodHandle$SpeciesData; (java.base@17.0.9)
 202:            15            360  java.util.ArrayDeque (java.base@17.0.9)
 203:             9            360  sun.util.locale.InternalLocaleBuilder (java.base@17.0.9)
 204:            11            352  java.io.RandomAccessFile (java.base@17.0.9)
 205:             4            352  java.util.regex.Pattern (java.base@17.0.9)
 206:            11            352  java.util.zip.ZipFile$CleanableResource (java.base@17.0.9)
 207:            21            336  java.io.FileInputStream$1 (java.base@17.0.9)
 208:             6            336  java.nio.DirectLongBufferU (java.base@17.0.9)
 209:            14            336  java.util.Collections$SetFromMap (java.base@17.0.9)
 210:             6            336  java.util.stream.IntPipeline$Head (java.base@17.0.9)
 211:             2            328  [D (java.base@17.0.9)
 212:             8            320  [Ljava.util.stream.StreamOpFlag$Type; (java.base@17.0.9)
 213:             8            320  sun.util.locale.StringTokenIterator (java.base@17.0.9)
 214:             8            320  sun.util.resources.Bundles$BundleReference (java.base@17.0.9)
 215:            13            312  java.lang.invoke.InvokerBytecodeGenerator$ClassData (java.base@17.0.9)
 216:            13            312  sun.nio.fs.WindowsPathParser$Result (java.base@17.0.9)
 217:             1            304  [Ljava.lang.module.ModuleDescriptor; (java.base@17.0.9)
 218:             1            304  [Ljava.lang.module.ModuleReference; (java.base@17.0.9)
 219:             1            304  [Ljdk.internal.module.ModuleHashes; (java.base@17.0.9)
 220:             1            304  [Ljdk.internal.module.ModuleResolution; (java.base@17.0.9)
 221:             1            304  [Ljdk.internal.module.ModuleTarget; (java.base@17.0.9)
 222:             2            288  [Ljava.lang.invoke.MemberName; (java.base@17.0.9)
 223:             2            288  [Ljava.lang.invoke.VarHandle$AccessMode; (java.base@17.0.9)
 224:            12            288  jdk.internal.loader.URLClassPath$3 (java.base@17.0.9)
 225:             7            280  [Ljava.util.stream.StreamOpFlag; (java.base@17.0.9)
 226:             7            280  java.lang.invoke.VarHandleReferences$FieldInstanceReadWrite (java.base@17.0.9)
 227:             7            280  java.security.ProtectionDomain (java.base@17.0.9)
 228:             7            280  java.util.HashMap$ValueIterator (java.base@17.0.9)
 229:             5            280  java.util.Properties (java.base@17.0.9)
 230:             5            280  java.util.ServiceLoader (java.base@17.0.9)
 231:             1            272  [Ljava.lang.ClassLoader; (java.base@17.0.9)
 232:             1            272  [Ljava.lang.Module; (java.base@17.0.9)
 233:             3            272  [[Ljava.lang.String; (java.base@17.0.9)
 234:            11            264  [Ljava.lang.invoke.MethodHandles$Lookup$ClassOption; (java.base@17.0.9)
 235:            11            264  java.lang.invoke.MethodHandleImpl$Intrinsic (java.base@17.0.9)
 236:             3            264  java.text.DecimalFormatSymbols (java.base@17.0.9)
 237:            11            264  java.util.zip.ZipFile$Source$Key (java.base@17.0.9)
 238:            11            264  jdk.internal.loader.FileURLMapper (java.base@17.0.9)
 239:            11            264  sun.nio.fs.WindowsFileAttributeViews$Basic (java.base@17.0.9)
 240:             6            248  [Ljava.lang.invoke.MethodType; (java.base@17.0.9)
 241:            10            240  java.lang.invoke.InnerClassLambdaMetafactory$ForwardingMethodGenerator (java.base@17.0.9)
 242:            10            240  java.nio.charset.CoderResult (java.base@17.0.9)
 243:            10            240  java.nio.file.StandardOpenOption (java.base@17.0.9)
 244:             6            240  java.util.EnumMap (java.base@17.0.9)
 245:             6            240  java.util.HashMap$EntryIterator (java.base@17.0.9)
 246:             6            240  java.util.stream.StreamOpFlag (java.base@17.0.9)
 247:            10            240  java.util.zip.Inflater$InflaterZStreamRef (java.base@17.0.9)
 248:            10            240  java.util.zip.ZipFile$InflaterCleanupAction (java.base@17.0.9)
 249:            10            240  jdk.internal.loader.NativeLibraries$1 (java.base@17.0.9)
 250:             6            240  jdk.internal.loader.NativeLibraries$NativeLibraryImpl (java.base@17.0.9)
 251:             4            224  [Ljava.util.regex.Pattern$GroupHead; (java.base@17.0.9)
 252:             7            224  java.lang.ref.WeakReference (java.base@17.0.9)
 253:             4            224  java.util.concurrent.ConcurrentHashMap$EntryIterator (java.base@17.0.9)
 254:             9            216  java.util.Arrays$ArrayList (java.base@17.0.9)
 255:             5            200  sun.util.locale.provider.LocaleResources$ResourceReference (java.base@17.0.9)
 256:             8            192  java.lang.WeakPairMap$Pair$Lookup (java.base@17.0.9)
 257:             6            192  java.lang.invoke.LambdaForm$BasicType (java.base@17.0.9)
 258:             8            192  java.math.RoundingMode (java.base@17.0.9)
 259:             6            192  java.net.InetAddress$InetAddressHolder (java.base@17.0.9)
 260:             6            192  java.util.ArrayDeque$DeqIterator (java.base@17.0.9)
 261:            12            192  java.util.Collections$UnmodifiableSet (java.base@17.0.9)
 262:             6            192  java.util.Hashtable$Entry (java.base@17.0.9)
 263:             6            192  java.util.ImmutableCollections$MapN (java.base@17.0.9)
 264:            12            192  java.util.WeakHashMap$KeySet (java.base@17.0.9)
 265:             4            192  sun.nio.cs.StreamEncoder (java.base@17.0.9)
 266:             2            192  sun.util.calendar.Gregorian$Date (java.base@17.0.9)
 267:             8            192  sun.util.locale.ParseStatus (java.base@17.0.9)
 268:             8            192  sun.util.resources.LocaleData$1 (java.base@17.0.9)
 269:             7            176  [Ljava.lang.reflect.Method; (java.base@17.0.9)
 270:            11            176  [Ljava.nio.file.LinkOption; (java.base@17.0.9)
 271:            11            176  jdk.internal.loader.URLClassPath$JarLoader$1 (java.base@17.0.9)
 272:             1            168  [[Ljava.math.BigInteger; (java.base@17.0.9)
 273:             7            168  java.util.Collections$UnmodifiableCollection$1 (java.base@17.0.9)
 274:             7            168  java.util.OptionalInt (java.base@17.0.9)
 275:             2            160  [Ljava.lang.ThreadLocal$ThreadLocalMap$Entry; (java.base@17.0.9)
 276:             4            160  [Ljava.lang.invoke.LambdaForm$BasicType; (java.base@17.0.9)
 277:             4            160  java.io.BufferedInputStream (java.base@17.0.9)
 278:             4            160  java.io.BufferedWriter (java.base@17.0.9)
 279:             5            160  java.lang.Package (java.base@17.0.9)
 280:             5            160  java.lang.StringBuffer (java.base@17.0.9)
 281:             4            160  java.lang.invoke.DirectMethodHandle$Interface (java.base@17.0.9)
 282:             5            160  java.lang.invoke.VarHandle$AccessType (java.base@17.0.9)
 283:             5            160  java.util.RegularEnumSet (java.base@17.0.9)
 284:             4            160  java.util.ServiceLoader$LazyClassPathLookupIterator (java.base@17.0.9)
 285:             5            160  sun.util.locale.provider.LocaleProviderAdapter$Type (java.base@17.0.9)
 286:             5            160  sun.util.locale.provider.LocaleResources (java.base@17.0.9)
 287:             4            144  [Ljava.lang.Thread; (java.base@17.0.9)
 288:             3            144  java.lang.ThreadGroup (java.base@17.0.9)
 289:             1            144  java.text.DecimalFormat (java.base@17.0.9)
 290:             3            144  java.util.Hashtable (java.base@17.0.9)
 291:             6            144  java.util.LinkedList$Node (java.base@17.0.9)
 292:             1            144  java.util.Scanner (java.base@17.0.9)
 293:             3            144  java.util.StringTokenizer (java.base@17.0.9)
 294:             6            144  java.util.stream.FindOps$FindSink$OfInt (java.base@17.0.9)
 295:             6            144  java.util.stream.IntPipeline$10$1 (java.base@17.0.9)
 296:             6            144  jdk.internal.perf.PerfCounter (java.base@17.0.9)
 297:             6            144  jdk.net.ExtendedSocketOptions$ExtSocketOption (jdk.net@17.0.9)
 298:             1            136  [Ljava.time.temporal.ChronoField; (java.base@17.0.9)
 299:             2            128  [Ljava.lang.invoke.MethodHandleImpl$Intrinsic; (java.base@17.0.9)
 300:             3            128  [Ljava.util.Hashtable$Entry; (java.base@17.0.9)
 301:             4            128  java.io.ByteArrayInputStream (java.base@17.0.9)
 302:             4            128  java.io.DataInputStream (java.base@17.0.9)
 303:             4            128  java.lang.StringLatin1$CharsSpliterator (java.base@17.0.9)
 304:             4            128  java.lang.ThreadLocal$ThreadLocalMap$Entry (java.base@17.0.9)
 305:             4            128  java.util.ServiceLoader$ModuleServicesLookupIterator (java.base@17.0.9)
 306:             4            128  java.util.ServiceLoader$ProviderImpl (java.base@17.0.9)
 307:             4            128  java.util.stream.FindOps$FindOp (java.base@17.0.9)
 308:             2            128  java.util.stream.ReferencePipeline$3 (java.base@17.0.9)
 309:             4            128  jdk.internal.loader.NativeLibraries (java.base@17.0.9)
 310:             5            120  java.io.ByteArrayOutputStream (java.base@17.0.9)
 311:             3            120  java.lang.invoke.BoundMethodHandle$Species_LL (java.base@17.0.9)
 312:             5            120  java.lang.module.ModuleDescriptor$Opens (java.base@17.0.9)
 313:             5            120  java.util.ServiceLoader$3 (java.base@17.0.9)
 314:             5            120  java.util.regex.Pattern$CharProperty (java.base@17.0.9)
 315:             5            120  java.util.stream.StreamOpFlag$Type (java.base@17.0.9)
 316:             3            120  jdk.internal.loader.URLClassPath$JarLoader$2 (java.base@17.0.9)
 317:             5            120  sun.nio.fs.WindowsPathType (java.base@17.0.9)
 318:             7            112  [Ljava.security.Principal; (java.base@17.0.9)
 319:             1            112  [Ljava.time.LocalTime; (java.base@17.0.9)
 320:             2            112  java.lang.invoke.BoundMethodHandle$Species_LLLLLLL (java.base@17.0.9)
 321:             2            112  java.nio.DirectIntBufferRU (java.base@17.0.9)
 322:             7            112  java.security.ProtectionDomain$Key (java.base@17.0.9)
 323:             1            104  jdk.internal.loader.ClassLoaders$AppClassLoader (java.base@17.0.9)
 324:             1            104  jdk.internal.loader.ClassLoaders$BootClassLoader (java.base@17.0.9)
 325:             1            104  jdk.internal.loader.ClassLoaders$PlatformClassLoader (java.base@17.0.9)
 326:             4             96  [Ljava.security.ProtectionDomain; (java.base@17.0.9)
 327:             1             96  [Lsun.util.locale.BaseLocale; (java.base@17.0.9)
 328:             4             96  java.io.OutputStreamWriter (java.base@17.0.9)
 329:             4             96  java.lang.Class$1 (java.base@17.0.9)
 330:             3             96  java.lang.Runtime$Version (java.base@17.0.9)
 331:             4             96  java.lang.module.ModuleDescriptor$Modifier (java.base@17.0.9)
 332:             4             96  java.lang.module.ModuleDescriptor$Requires$Modifier (java.base@17.0.9)
 333:             4             96  java.net.Inet4Address (java.base@17.0.9)
 334:             4             96  java.util.Collections$SynchronizedSet (java.base@17.0.9)
 335:             4             96  java.util.ServiceLoader$1 (java.base@17.0.9)
 336:             4             96  java.util.ServiceLoader$2 (java.base@17.0.9)
 337:             2             96  java.util.TreeMap (java.base@17.0.9)
 338:             3             96  java.util.jar.Manifest$FastInputStream (java.base@17.0.9)
 339:             4             96  java.util.regex.Pattern$CharPropertyGreedy (java.base@17.0.9)
 340:             4             96  java.util.regex.Pattern$Qtype (java.base@17.0.9)
 341:             4             96  java.util.regex.Pattern$TreeInfo (java.base@17.0.9)
 342:             6             96  java.util.stream.StreamOpFlag$MaskBuilder (java.base@17.0.9)
 343:             4             96  java.util.stream.StreamShape (java.base@17.0.9)
 344:             4             96  jdk.internal.jimage.ImageLocation (java.base@17.0.9)
 345:             1             96  jdk.internal.jimage.ImageReader$SharedImageReader (java.base@17.0.9)
 346:             3             96  jdk.internal.loader.BuiltinClassLoader$1 (java.base@17.0.9)
 347:             3             96  jdk.internal.reflect.NativeMethodAccessorImpl (java.base@17.0.9)
 348:             3             96  sun.net.spi.DefaultProxySelector$NonProxyInfo (java.base@17.0.9)
 349:             2             96  sun.nio.cs.ISO_8859_1$Encoder (java.base@17.0.9)
 350:             2             96  sun.nio.cs.StreamDecoder (java.base@17.0.9)
 351:             2             96  sun.nio.cs.UTF_8$Encoder (java.base@17.0.9)
 352:             2             80  [Ljava.lang.OutOfMemoryError; (java.base@17.0.9)
 353:             1             80  [Ljava.nio.ByteBuffer; (java.base@17.0.9)
 354:             1             80  [Ljava.time.temporal.ChronoUnit; (java.base@17.0.9)
 355:             2             80  [Lsun.util.locale.provider.LocaleProviderAdapter$Type; (java.base@17.0.9)
 356:             2             80  java.io.PrintStream (java.base@17.0.9)
 357:             2             80  java.lang.ModuleLayer (java.base@17.0.9)
 358:             2             80  java.lang.NoSuchMethodError (java.base@17.0.9)
 359:             2             80  java.lang.module.Configuration (java.base@17.0.9)
 360:             5             80  java.util.HashMap$EntrySet (java.base@17.0.9)
 361:             2             80  java.util.IdentityHashMap (java.base@17.0.9)
 362:             2             80  java.util.Locale$Category (java.base@17.0.9)
 363:             5             80  java.util.ResourceBundle$ResourceBundleProviderHelper$$Lambda$55/0x80000005d (java.base@17.0.9)
 364:             2             80  java.util.TreeMap$Entry (java.base@17.0.9)
 365:             1             80  sun.nio.ch.NioSocketImpl (java.base@17.0.9)
 366:             2             80  sun.nio.cs.UTF_8$Decoder (java.base@17.0.9)
 367:             1             80  sun.util.cldr.CLDRLocaleProviderAdapter (java.base@17.0.9)
 368:             1             80  sun.util.locale.provider.JRELocaleProviderAdapter (java.base@17.0.9)
 369:             3             72  java.lang.NamedPackage (java.base@17.0.9)
 370:             3             72  java.lang.PublicMethods$MethodList (java.base@17.0.9)
 371:             3             72  java.lang.WeakPairMap (java.base@17.0.9)
 372:             3             72  java.net.Proxy$Type (java.base@17.0.9)
 373:             3             72  java.net.StandardProtocolFamily (java.base@17.0.9)
 374:             3             72  java.security.Permissions (java.base@17.0.9)
 375:             3             72  java.util.Arrays$ArrayItr (java.base@17.0.9)
 376:             3             72  java.util.concurrent.CopyOnWriteArrayList$COWIterator (java.base@17.0.9)
 377:             3             72  java.util.concurrent.atomic.AtomicLong (java.base@17.0.9)
 378:             1             72  java.util.regex.Matcher (java.base@17.0.9)
 379:             3             72  java.util.stream.Collector$Characteristics (java.base@17.0.9)
 380:             3             72  jdk.internal.jimage.BasicImageReader$1 (java.base@17.0.9)
 381:             3             72  jdk.internal.loader.BuiltinClassLoader$2 (java.base@17.0.9)
 382:             3             72  sun.security.util.LazyCodeSourcePermissionCollection (java.base@17.0.9)
 383:             2             64  [Ljava.nio.charset.CoderResult; (java.base@17.0.9)
 384:             2             64  [Ljava.util.stream.Collector$Characteristics; (java.base@17.0.9)
 385:             2             64  java.io.BufferedOutputStream (java.base@17.0.9)
 386:             2             64  java.io.FileOutputStream (java.base@17.0.9)
 387:             2             64  java.lang.ClassValue$Entry (java.base@17.0.9)
 388:             2             64  java.lang.StringUTF16$CharsSpliterator (java.base@17.0.9)
 389:             2             64  java.lang.invoke.VarForm (java.base@17.0.9)
 390:             2             64  java.lang.ref.ReferenceQueue$Null (java.base@17.0.9)
 391:             2             64  java.net.Inet6Address$Inet6AddressHolder (java.base@17.0.9)
 392:             1             64  java.net.SocksSocketImpl (java.base@17.0.9)
 393:             2             64  java.net.URI$Parser (java.base@17.0.9)
 394:             4             64  java.util.LinkedHashMap$LinkedKeySet (java.base@17.0.9)
 395:             2             64  java.util.LinkedList (java.base@17.0.9)
 396:             4             64  java.util.Properties$EntrySet (java.base@17.0.9)
 397:             2             64  java.util.TreeMap$KeyIterator (java.base@17.0.9)
 398:             4             64  java.util.concurrent.ConcurrentHashMap$EntrySetView (java.base@17.0.9)
 399:             4             64  java.util.concurrent.ConcurrentHashMap$ValuesView (java.base@17.0.9)
 400:             4             64  java.util.concurrent.atomic.AtomicInteger (java.base@17.0.9)
 401:             2             64  java.util.concurrent.locks.ReentrantLock$NonfairSync (java.base@17.0.9)
 402:             2             64  java.util.regex.Pattern$Branch (java.base@17.0.9)
 403:             4             64  jdk.internal.module.ServicesCatalog (java.base@17.0.9)
 404:             2             64  sun.nio.fs.NativeBuffer (java.base@17.0.9)
 405:             2             64  sun.util.resources.Bundles$2 (java.base@17.0.9)
 406:             1             56  [Ljava.nio.file.StandardOpenOption; (java.base@17.0.9)
 407:             1             56  [Lru.job4j.tracker.action.UserAction;
 408:             1             56  [[I (java.base@17.0.9)
 409:             1             56  java.lang.invoke.BoundMethodHandle$Specializer (java.base@17.0.9)
 410:             1             56  java.lang.invoke.BoundMethodHandle$Species_LLLLLL (java.base@17.0.9)
 411:             1             56  java.nio.DirectIntBufferU (java.base@17.0.9)
 412:             1             56  java.util.concurrent.ConcurrentHashMap$KeyIterator (java.base@17.0.9)
 413:             1             48  [Ljava.math.RoundingMode; (java.base@17.0.9)
 414:             2             48  [Ljava.util.Enumeration; (java.base@17.0.9)
 415:             1             48  [Ljava.util.concurrent.TimeUnit; (java.base@17.0.9)
 416:             2             48  [Ljava.util.regex.Pattern$Node; (java.base@17.0.9)
 417:             1             48  java.io.BufferedReader (java.base@17.0.9)
 418:             2             48  java.io.File$PathStatus (java.base@17.0.9)
 419:             2             48  java.io.InputStreamReader (java.base@17.0.9)
 420:             2             48  java.lang.Class$3 (java.base@17.0.9)
 421:             2             48  java.lang.CompoundEnumeration (java.base@17.0.9)
 422:             1             48  java.lang.NullPointerException (java.base@17.0.9)
 423:             2             48  java.lang.RuntimePermission (java.base@17.0.9)
 424:             3             48  java.lang.ThreadLocal (java.base@17.0.9)
 425:             2             48  java.lang.ThreadLocal$ThreadLocalMap (java.base@17.0.9)
 426:             1             48  java.lang.invoke.BoundMethodHandle$Specializer$Factory (java.base@17.0.9)
 427:             1             48  java.lang.invoke.BoundMethodHandle$Species_LLLL (java.base@17.0.9)
 428:             1             48  java.lang.invoke.BoundMethodHandle$Species_LLLLL (java.base@17.0.9)
 429:             2             48  java.lang.invoke.MethodHandles$Lookup$ClassOption (java.base@17.0.9)
 430:             1             48  java.lang.module.Resolver (java.base@17.0.9)
 431:             2             48  java.net.Inet6Address (java.base@17.0.9)
 432:             2             48  java.net.InetSocketAddress$InetSocketAddressHolder (java.base@17.0.9)
 433:             3             48  java.nio.charset.CodingErrorAction (java.base@17.0.9)
 434:             2             48  java.security.BasicPermissionCollection (java.base@17.0.9)
 435:             2             48  java.util.Date (java.base@17.0.9)
 436:             3             48  java.util.HashMap$Values (java.base@17.0.9)
 437:             3             48  java.util.ResourceBundle$NoFallbackControl (java.base@17.0.9)
 438:             1             48  java.util.concurrent.ConcurrentSkipListMap (java.base@17.0.9)
 439:             3             48  java.util.jar.Attributes (java.base@17.0.9)
 440:             3             48  java.util.regex.Pattern$BitClass (java.base@17.0.9)
 441:             2             48  java.util.regex.Pattern$BmpCharPredicate$$Lambda$22/0x80000002b (java.base@17.0.9)
 442:             2             48  java.util.regex.Pattern$Start (java.base@17.0.9)
 443:             2             48  java.util.regex.Pattern$StartS (java.base@17.0.9)
 444:             2             48  java.util.stream.ReferencePipeline$3$1 (java.base@17.0.9)
 445:             3             48  java.util.zip.CRC32 (java.base@17.0.9)
 446:             1             48  jdk.internal.jimage.ImageHeader (java.base@17.0.9)
 447:             2             48  jdk.internal.misc.Signal (java.base@17.0.9)
 448:             2             48  jdk.internal.misc.Signal$NativeHandler (java.base@17.0.9)
 449:             3             48  jdk.internal.reflect.DelegatingMethodAccessorImpl (java.base@17.0.9)
 450:             3             48  jdk.internal.reflect.ReflectionFactory$GetReflectionFactoryAction (java.base@17.0.9)
 451:             2             48  sun.nio.cs.Surrogate$Parser (java.base@17.0.9)
 452:             2             48  sun.nio.fs.NativeBuffer$Deallocator (java.base@17.0.9)
 453:             1             48  sun.util.resources.TimeZoneNames (java.base@17.0.9)
 454:             1             48  sun.util.resources.TimeZoneNames_en (java.base@17.0.9)
 455:             1             48  sun.util.resources.cldr.TimeZoneNames (java.base@17.0.9)
 456:             1             48  sun.util.resources.cldr.TimeZoneNames_en (java.base@17.0.9)
 457:             1             40  [Ljava.lang.invoke.VarHandle$AccessType; (java.base@17.0.9)
 458:             1             40  [Lsun.nio.fs.WindowsPathType; (java.base@17.0.9)
 459:             1             40  [[Ljava.lang.invoke.LambdaForm$Name; (java.base@17.0.9)
 460:             1             40  java.lang.ArithmeticException (java.base@17.0.9)
 461:             1             40  java.lang.InternalError (java.base@17.0.9)
 462:             1             40  java.lang.Package$VersionInfo (java.base@17.0.9)
 463:             1             40  java.lang.VirtualMachineError (java.base@17.0.9)
 464:             1             40  java.lang.invoke.BoundMethodHandle$Species_LJ (java.base@17.0.9)
 465:             1             40  java.lang.invoke.BoundMethodHandle$Species_LLL (java.base@17.0.9)
 466:             1             40  java.lang.invoke.MethodHandleImpl$AsVarargsCollector (java.base@17.0.9)
 467:             1             40  java.lang.invoke.VarHandle$AccessDescriptor (java.base@17.0.9)
 468:             1             40  java.net.Socket (java.base@17.0.9)
 469:             1             40  java.text.DigitList (java.base@17.0.9)
 470:             1             40  java.time.zone.ZoneRules (java.base@17.0.9)
 471:             1             40  java.util.Properties$LineReader (java.base@17.0.9)
 472:             1             40  java.util.ResourceBundle$2 (java.base@17.0.9)
 473:             1             40  jdk.internal.loader.URLClassPath (java.base@17.0.9)
 474:             1             40  jdk.internal.ref.Cleaner (java.base@17.0.9)
 475:             1             40  jdk.internal.ref.CleanerImpl$CleanerCleanable (java.base@17.0.9)
 476:             1             40  sun.nio.cs.StandardCharsets$Aliases (java.base@17.0.9)
 477:             1             40  sun.nio.cs.StandardCharsets$Cache (java.base@17.0.9)
 478:             1             40  sun.nio.cs.StandardCharsets$Classes (java.base@17.0.9)
 479:             1             40  sun.nio.cs.US_ASCII$Decoder (java.base@17.0.9)
 480:             1             40  sun.text.resources.cldr.FormatData (java.base@17.0.9)
 481:             1             40  sun.text.resources.cldr.ext.FormatData_ru (jdk.localedata@17.0.9)
 482:             1             40  sun.util.resources.Bundles$1 (java.base@17.0.9)
 483:             2             32  [Ljava.lang.StackTraceElement; (java.base@17.0.9)
 484:             1             32  [Ljava.lang.ThreadGroup; (java.base@17.0.9)
 485:             2             32  [Ljava.lang.annotation.Annotation; (java.base@17.0.9)
 486:             1             32  [Ljava.lang.module.ModuleDescriptor$Modifier; (java.base@17.0.9)
 487:             1             32  [Ljava.lang.module.ModuleDescriptor$Requires$Modifier; (java.base@17.0.9)
 488:             1             32  [Ljava.net.Proxy$Type; (java.base@17.0.9)
 489:             1             32  [Ljava.net.StandardProtocolFamily; (java.base@17.0.9)
 490:             2             32  [Ljava.util.regex.IntHashSet; (java.base@17.0.9)
 491:             1             32  [Ljava.util.regex.Pattern$Qtype; (java.base@17.0.9)
 492:             1             32  [Ljava.util.stream.StreamShape; (java.base@17.0.9)
 493:             1             32  [Ljdk.internal.module.ServicesCatalog; (java.base@17.0.9)
 494:             1             32  [Lsun.nio.fs.NativeBuffer; (java.base@17.0.9)
 495:             1             32  java.io.WinNTFileSystem (java.base@17.0.9)
 496:             2             32  java.lang.Boolean (java.base@17.0.9)
 497:             1             32  java.lang.Module$ArchivedData (java.base@17.0.9)
 498:             1             32  java.lang.module.ModuleDescriptor$Version (java.base@17.0.9)
 499:             2             32  java.net.InetSocketAddress (java.base@17.0.9)
 500:             2             32  java.nio.ByteOrder (java.base@17.0.9)
 501:             1             32  java.nio.DirectByteBuffer$Deallocator (java.base@17.0.9)
 502:             1             32  java.util.Collections$UnmodifiableMap (java.base@17.0.9)
 503:             2             32  java.util.IdentityHashMap$KeySet (java.base@17.0.9)
 504:             2             32  java.util.ResourceBundle$SingleFormatControl (java.base@17.0.9)
 505:             1             32  java.util.Spliterators$ArraySpliterator (java.base@17.0.9)
 506:             2             32  java.util.TreeMap$KeySet (java.base@17.0.9)
 507:             2             32  java.util.TreeSet (java.base@17.0.9)
 508:             2             32  java.util.concurrent.locks.ReentrantLock (java.base@17.0.9)
 509:             2             32  java.util.regex.Pattern$$Lambda$19/0x800000025 (java.base@17.0.9)
 510:             2             32  java.util.regex.Pattern$BranchConn (java.base@17.0.9)
 511:             1             32  java.util.stream.Collectors$CollectorImpl (java.base@17.0.9)
 512:             1             32  java.util.stream.ReduceOps$3 (java.base@17.0.9)
 513:             1             32  java.util.stream.ReduceOps$3ReducingSink (java.base@17.0.9)
 514:             1             32  java.util.zip.ZipCoder$UTF8ZipCoder (java.base@17.0.9)
 515:             1             32  jdk.internal.loader.ArchivedClassLoaders (java.base@17.0.9)
 516:             2             32  jdk.internal.loader.ClassLoaderValue (java.base@17.0.9)
 517:             1             32  jdk.internal.loader.URLClassPath$1 (java.base@17.0.9)
 518:             2             32  jdk.internal.module.ModuleResolution (java.base@17.0.9)
 519:             1             32  jdk.internal.org.objectweb.asm.ConstantDynamic (java.base@17.0.9)
 520:             1             32  jdk.internal.org.objectweb.asm.Handle (java.base@17.0.9)
 521:             2             32  jdk.internal.reflect.ConstantPool (java.base@17.0.9)
 522:             2             32  jdk.internal.vm.PostVMInitHook$1 (java.base@17.0.9)
 523:             1             32  jdk.net.ExtendedSocketOptions$1 (jdk.net@17.0.9)
 524:             1             32  sun.instrument.InstrumentationImpl (java.instrument@17.0.9)
 525:             1             32  sun.net.spi.DefaultProxySelector$3 (java.base@17.0.9)
 526:             2             32  sun.util.resources.LocaleData (java.base@17.0.9)
 527:             2             32  sun.util.resources.cldr.provider.CLDRLocaleDataMetaInfo (jdk.localedata@17.0.9)
 528:             1             24  [Ljava.io.File$PathStatus; (java.base@17.0.9)
 529:             1             24  [Ljava.lang.ClassValue$Entry; (java.base@17.0.9)
 530:             1             24  [Ljava.net.InetAddress; (java.base@17.0.9)
 531:             1             24  [Ljava.net.URL; (java.base@17.0.9)
 532:             1             24  [Ljava.util.Locale$Category; (java.base@17.0.9)
 533:             1             24  [Ljava.util.jar.Manifest; (java.base@17.0.9)
 534:             1             24  java.lang.ClassValue$Version (java.base@17.0.9)
 535:             1             24  java.lang.Double (java.base@17.0.9)
 536:             1             24  java.lang.invoke.MethodType$ConcurrentWeakInternSet (java.base@17.0.9)
 537:             1             24  java.lang.invoke.VarHandles$1 (java.base@17.0.9)
 538:             1             24  java.lang.reflect.ReflectPermission (java.base@17.0.9)
 539:             1             24  java.net.Inet6AddressImpl (java.base@17.0.9)
 540:             1             24  java.net.Proxy (java.base@17.0.9)
 541:             1             24  java.net.Socket$SocketInputStream (java.base@17.0.9)
 542:             1             24  java.time.ZoneRegion (java.base@17.0.9)
 543:             1             24  java.time.zone.TzdbZoneRulesProvider (java.base@17.0.9)
 544:             1             24  java.util.Collections$EmptyMap (java.base@17.0.9)
 545:             1             24  java.util.Collections$UnmodifiableRandomAccessList (java.base@17.0.9)
 546:             1             24  java.util.ImmutableCollections$MapN$MapNIterator (java.base@17.0.9)
 547:             1             24  java.util.Locale$Cache (java.base@17.0.9)
 548:             1             24  java.util.ResourceBundle$Control$CandidateListCache (java.base@17.0.9)
 549:             1             24  java.util.Scanner$PatternLRUCache (java.base@17.0.9)
 550:             1             24  java.util.Spliterators$1Adapter (java.base@17.0.9)
 551:             1             24  java.util.concurrent.ConcurrentHashMap$KeySetView (java.base@17.0.9)
 552:             1             24  java.util.jar.Manifest (java.base@17.0.9)
 553:             1             24  java.util.regex.Pattern$$Lambda$21/0x80000002a (java.base@17.0.9)
 554:             1             24  java.util.regex.Pattern$BmpCharProperty (java.base@17.0.9)
 555:             1             24  java.util.regex.Pattern$CharPredicate$$Lambda$21/0x000001864804bc60 (java.base@17.0.9)
 556:             1             24  java.util.regex.Pattern$Dollar (java.base@17.0.9)
 557:             1             24  java.util.regex.Pattern$GroupHead (java.base@17.0.9)
 558:             1             24  java.util.regex.Pattern$GroupTail (java.base@17.0.9)
 559:             1             24  java.util.regex.Pattern$Slice (java.base@17.0.9)
 560:             1             24  jdk.internal.jimage.ImageReader (java.base@17.0.9)
 561:             1             24  jdk.internal.loader.URLClassPath$FileLoader (java.base@17.0.9)
 562:             1             24  jdk.internal.module.ModuleBootstrap$SafeModuleFinder (java.base@17.0.9)
 563:             1             24  jdk.internal.module.ModuleHashes (java.base@17.0.9)
 564:             1             24  jdk.internal.module.ModuleHashes$Builder (java.base@17.0.9)
 565:             1             24  jdk.internal.module.SystemModuleFinders$SystemModuleFinder (java.base@17.0.9)
 566:             1             24  jdk.internal.ref.CleanerImpl (java.base@17.0.9)
 567:             1             24  ru.job4j.tracker.MemTracker
 568:             1             24  ru.job4j.tracker.input.Validate
 569:             1             24  sun.instrument.TransformerManager (java.instrument@17.0.9)
 570:             1             24  sun.nio.ch.Util$BufferCache (java.base@17.0.9)
 571:             1             24  sun.nio.cs.ISO_8859_1 (java.base@17.0.9)
 572:             1             24  sun.nio.cs.MS1251 (java.base@17.0.9)
 573:             1             24  sun.nio.cs.StandardCharsets (java.base@17.0.9)
 574:             1             24  sun.nio.cs.US_ASCII (java.base@17.0.9)
 575:             1             24  sun.nio.cs.UTF_16 (java.base@17.0.9)
 576:             1             24  sun.nio.cs.UTF_16BE (java.base@17.0.9)
 577:             1             24  sun.nio.cs.UTF_16LE (java.base@17.0.9)
 578:             1             24  sun.nio.cs.UTF_8 (java.base@17.0.9)
 579:             1             24  sun.nio.fs.WindowsFileSystem (java.base@17.0.9)
 580:             1             24  sun.util.cldr.CLDRTimeZoneNameProviderImpl (java.base@17.0.9)
 581:             1             24  sun.util.locale.BaseLocale$Cache (java.base@17.0.9)
 582:             1             24  sun.util.locale.provider.DecimalFormatSymbolsProviderImpl (java.base@17.0.9)
 583:             1             24  sun.util.locale.provider.LocaleServiceProviderPool (java.base@17.0.9)
 584:             1             24  sun.util.locale.provider.NumberFormatProviderImpl (java.base@17.0.9)
 585:             1             24  sun.util.locale.provider.TimeZoneNameProviderImpl (java.base@17.0.9)
 586:             1             16  [F (java.base@17.0.9)
 587:             1             16  [Ljava.lang.Throwable; (java.base@17.0.9)
 588:             1             16  [Ljava.nio.file.Path; (java.base@17.0.9)
 589:             1             16  [Ljava.security.cert.Certificate; (java.base@17.0.9)
 590:             1             16  [Ljava.text.FieldPosition; (java.base@17.0.9)
 591:             1             16  [Ljava.time.zone.ZoneOffsetTransitionRule; (java.base@17.0.9)
 592:             1             16  [Lsun.instrument.TransformerManager$TransformerInfo; (java.instrument@17.0.9)
 593:             1             16  [Lsun.util.calendar.ZoneInfoFile$ZoneOffsetTransitionRule; (java.base@17.0.9)
 594:             1             16  java.io.FileDescriptor$1 (java.base@17.0.9)
 595:             1             16  java.io.RandomAccessFile$2 (java.base@17.0.9)
 596:             1             16  java.lang.CharacterData00 (java.base@17.0.9)
 597:             1             16  java.lang.CharacterDataLatin1 (java.base@17.0.9)
 598:             1             16  java.lang.ClassValue$Identity (java.base@17.0.9)
 599:             1             16  java.lang.Float (java.base@17.0.9)
 600:             1             16  java.lang.ModuleLayer$Controller (java.base@17.0.9)
 601:             1             16  java.lang.Runtime (java.base@17.0.9)
 602:             1             16  java.lang.String$CaseInsensitiveComparator (java.base@17.0.9)
 603:             1             16  java.lang.System$2 (java.base@17.0.9)
 604:             1             16  java.lang.Terminator$1 (java.base@17.0.9)
 605:             1             16  java.lang.invoke.ClassSpecializer$1 (java.base@17.0.9)
 606:             1             16  java.lang.invoke.MemberName$Factory (java.base@17.0.9)
 607:             1             16  java.lang.invoke.MethodHandleImpl$1 (java.base@17.0.9)
 608:             1             16  java.lang.invoke.StringConcatFactory$1 (java.base@17.0.9)
 609:             1             16  java.lang.invoke.StringConcatFactory$2 (java.base@17.0.9)
 610:             1             16  java.lang.invoke.StringConcatFactory$3 (java.base@17.0.9)
 611:             1             16  java.lang.invoke.VarHandle$1 (java.base@17.0.9)
 612:             1             16  java.lang.module.ModuleDescriptor$1 (java.base@17.0.9)
 613:             1             16  java.lang.module.ModuleFinder$1 (java.base@17.0.9)
 614:             1             16  java.lang.ref.Cleaner (java.base@17.0.9)
 615:             1             16  java.lang.ref.Cleaner$1 (java.base@17.0.9)
 616:             1             16  java.lang.ref.Reference$1 (java.base@17.0.9)
 617:             1             16  java.lang.reflect.ReflectAccess (java.base@17.0.9)
 618:             1             16  java.net.InetAddress$1 (java.base@17.0.9)
 619:             1             16  java.net.InetAddress$PlatformNameService (java.base@17.0.9)
 620:             1             16  java.net.SocketImpl$$Lambda$14/0x00000186480456c0 (java.base@17.0.9)
 621:             1             16  java.net.SocksSocketImpl$3 (java.base@17.0.9)
 622:             1             16  java.net.URI$1 (java.base@17.0.9)
 623:             1             16  java.net.URL$3 (java.base@17.0.9)
 624:             1             16  java.net.URL$DefaultFactory (java.base@17.0.9)
 625:             1             16  java.nio.Bits$1 (java.base@17.0.9)
 626:             1             16  java.nio.Buffer$1 (java.base@17.0.9)
 627:             1             16  java.nio.file.FileSystems$DefaultFileSystemHolder$1 (java.base@17.0.9)
 628:             1             16  java.security.ProtectionDomain$JavaSecurityAccessImpl (java.base@17.0.9)
 629:             1             16  java.text.DecimalFormatSymbols$$Lambda$59/0x800000061 (java.base@17.0.9)
 630:             1             16  java.time.chrono.IsoChronology (java.base@17.0.9)
 631:             1             16  java.time.zone.ZoneRulesProvider$1 (java.base@17.0.9)
 632:             1             16  java.util.Collections$EmptyEnumeration (java.base@17.0.9)
 633:             1             16  java.util.Collections$EmptyIterator (java.base@17.0.9)
 634:             1             16  java.util.Collections$EmptyList (java.base@17.0.9)
 635:             1             16  java.util.Collections$EmptySet (java.base@17.0.9)
 636:             1             16  java.util.EnumMap$1 (java.base@17.0.9)
 637:             1             16  java.util.ImmutableCollections$MapN$1 (java.base@17.0.9)
 638:             1             16  java.util.LinkedHashSet (java.base@17.0.9)
 639:             1             16  java.util.Locale$Builder (java.base@17.0.9)
 640:             1             16  java.util.ResourceBundle$1 (java.base@17.0.9)
 641:             1             16  java.util.ResourceBundle$Control (java.base@17.0.9)
 642:             1             16  java.util.Spliterators$EmptySpliterator$OfDouble (java.base@17.0.9)
 643:             1             16  java.util.Spliterators$EmptySpliterator$OfInt (java.base@17.0.9)
 644:             1             16  java.util.Spliterators$EmptySpliterator$OfLong (java.base@17.0.9)
 645:             1             16  java.util.Spliterators$EmptySpliterator$OfRef (java.base@17.0.9)
 646:             1             16  java.util.concurrent.ConcurrentSkipListSet (java.base@17.0.9)
 647:             1             16  java.util.jar.JavaUtilJarAccessImpl (java.base@17.0.9)
 648:             1             16  java.util.regex.CharPredicates$$Lambda$15/0x00000186480490b0 (java.base@17.0.9)
 649:             1             16  java.util.regex.CharPredicates$$Lambda$17/0x0000018648049d88 (java.base@17.0.9)
 650:             1             16  java.util.regex.Pattern$$Lambda$16/0x0000018648049b30 (java.base@17.0.9)
 651:             1             16  java.util.regex.Pattern$$Lambda$31/0x00000186480504b8 (java.base@17.0.9)
 652:             1             16  java.util.regex.Pattern$CharPredicate$$Lambda$23/0x80000002d (java.base@17.0.9)
 653:             1             16  java.util.regex.Pattern$LastNode (java.base@17.0.9)
 654:             1             16  java.util.regex.Pattern$Node (java.base@17.0.9)
 655:             1             16  java.util.stream.Collectors$$Lambda$5/0x800000010 (java.base@17.0.9)
 656:             1             16  java.util.stream.Collectors$$Lambda$6/0x800000011 (java.base@17.0.9)
 657:             1             16  java.util.stream.Collectors$$Lambda$7/0x800000016 (java.base@17.0.9)
 658:             1             16  java.util.stream.Collectors$$Lambda$8/0x800000017 (java.base@17.0.9)
 659:             1             16  java.util.stream.FindOps$FindSink$OfInt$$Lambda$60/0x800000062 (java.base@17.0.9)
 660:             1             16  java.util.stream.FindOps$FindSink$OfInt$$Lambda$61/0x800000063 (java.base@17.0.9)
 661:             1             16  java.util.stream.FindOps$FindSink$OfInt$$Lambda$62/0x800000064 (java.base@17.0.9)
 662:             1             16  java.util.stream.FindOps$FindSink$OfInt$$Lambda$63/0x800000065 (java.base@17.0.9)
 663:             1             16  java.util.stream.FindOps$FindSink$OfRef$$Lambda$11/0x80000001a (java.base@17.0.9)
 664:             1             16  java.util.stream.FindOps$FindSink$OfRef$$Lambda$12/0x80000001b (java.base@17.0.9)
 665:             1             16  java.util.stream.FindOps$FindSink$OfRef$$Lambda$13/0x80000001c (java.base@17.0.9)
 666:             1             16  java.util.stream.FindOps$FindSink$OfRef$$Lambda$14/0x80000001d (java.base@17.0.9)
 667:             1             16  java.util.zip.ZipFile$1 (java.base@17.0.9)
 668:             1             16  jdk.internal.jimage.ImageReaderFactory$1 (java.base@17.0.9)
 669:             1             16  jdk.internal.jimage.ImageStringsReader (java.base@17.0.9)
 670:             1             16  jdk.internal.jimage.NativeImageBuffer$1 (java.base@17.0.9)
 671:             1             16  jdk.internal.jimage.decompressor.Decompressor (java.base@17.0.9)
 672:             1             16  jdk.internal.misc.ScopedMemoryAccess (java.base@17.0.9)
 673:             1             16  jdk.internal.misc.TerminatingThreadLocal$1 (java.base@17.0.9)
 674:             1             16  jdk.internal.misc.Unsafe (java.base@17.0.9)
 675:             1             16  jdk.internal.module.DefaultRoots$$Lambda$1/0x800000002 (java.base@17.0.9)
 676:             1             16  jdk.internal.module.DefaultRoots$$Lambda$16/0x80000001f (java.base@17.0.9)
 677:             1             16  jdk.internal.module.DefaultRoots$$Lambda$2/0x800000004 (java.base@17.0.9)
 678:             1             16  jdk.internal.module.DefaultRoots$$Lambda$3/0x800000006 (java.base@17.0.9)
 679:             1             16  jdk.internal.module.DefaultRoots$$Lambda$4/0x800000007 (java.base@17.0.9)
 680:             1             16  jdk.internal.module.ModuleLoaderMap$Mapper (java.base@17.0.9)
 681:             1             16  jdk.internal.module.ModulePatcher (java.base@17.0.9)
 682:             1             16  jdk.internal.module.ModuleTarget (java.base@17.0.9)
 683:             1             16  jdk.internal.module.SystemModules$all (java.base@17.0.9)
 684:             1             16  jdk.internal.perf.Perf (java.base@17.0.9)
 685:             1             16  jdk.internal.perf.Perf$GetPerfAction (java.base@17.0.9)
 686:             1             16  jdk.internal.ref.CleanerFactory$1 (java.base@17.0.9)
 687:             1             16  jdk.internal.reflect.ReflectionFactory (java.base@17.0.9)
 688:             1             16  jdk.internal.util.Preconditions$1 (java.base@17.0.9)
 689:             1             16  jdk.internal.util.SystemProps$Raw (java.base@17.0.9)
 690:             1             16  jdk.internal.vm.PostVMInitHook$2 (java.base@17.0.9)
 691:             1             16  jdk.net.ExtendedSocketOptions$PlatformSocketOptions (jdk.net@17.0.9)
 692:             1             16  jdk.net.ExtendedSocketOptions$PlatformSocketOptions$1 (jdk.net@17.0.9)
 693:             1             16  ru.job4j.tracker.CreateManyItems
 694:             1             16  ru.job4j.tracker.DeleteAllItems
 695:             1             16  ru.job4j.tracker.StartUI
 696:             1             16  ru.job4j.tracker.action.Create
 697:             1             16  ru.job4j.tracker.action.Delete
 698:             1             16  ru.job4j.tracker.action.Exit
 699:             1             16  ru.job4j.tracker.action.FindAll
 700:             1             16  ru.job4j.tracker.action.FindById
 701:             1             16  ru.job4j.tracker.action.FindByName
 702:             1             16  ru.job4j.tracker.action.Replace
 703:             1             16  ru.job4j.tracker.input.Console
 704:             1             16  ru.job4j.tracker.output.Console
 705:             1             16  sun.net.NetProperties$1 (java.base@17.0.9)
 706:             1             16  sun.net.spi.DefaultProxySelector (java.base@17.0.9)
 707:             1             16  sun.net.spi.DefaultProxySelector$1 (java.base@17.0.9)
 708:             1             16  sun.net.www.protocol.file.Handler (java.base@17.0.9)
 709:             1             16  sun.net.www.protocol.jar.Handler (java.base@17.0.9)
 710:             1             16  sun.net.www.protocol.jrt.Handler (java.base@17.0.9)
 711:             1             16  sun.nio.ch.Net$1 (java.base@17.0.9)
 712:             1             16  sun.nio.ch.NioSocketImpl$$Lambda$18/0x0000018648049fe0 (java.base@17.0.9)
 713:             1             16  sun.nio.ch.NioSocketImpl$1 (java.base@17.0.9)
 714:             1             16  sun.nio.ch.SocketDispatcher (java.base@17.0.9)
 715:             1             16  sun.nio.ch.Util$1 (java.base@17.0.9)
 716:             1             16  sun.nio.fs.NativeBuffers$1 (java.base@17.0.9)
 717:             1             16  sun.nio.fs.WindowsFileSystemProvider (java.base@17.0.9)
 718:             1             16  sun.util.calendar.Gregorian (java.base@17.0.9)
 719:             1             16  sun.util.calendar.ZoneInfoFile$1 (java.base@17.0.9)
 720:             1             16  sun.util.calendar.ZoneInfoFile$Checksum (java.base@17.0.9)
 721:             1             16  sun.util.cldr.CLDRBaseLocaleDataMetaInfo (java.base@17.0.9)
 722:             1             16  sun.util.cldr.CLDRLocaleProviderAdapter$$Lambda$34/0x0000018648051a30 (java.base@17.0.9)
 723:             1             16  sun.util.cldr.CLDRLocaleProviderAdapter$$Lambda$51/0x800000059 (java.base@17.0.9)
 724:             1             16  sun.util.locale.InternalLocaleBuilder$CaseInsensitiveChar (java.base@17.0.9)
 725:             1             16  sun.util.locale.provider.JRELocaleProviderAdapter$$Lambda$35/0x00000186480520c0 (java.base@17.0.9)
 726:             1             16  sun.util.locale.provider.JRELocaleProviderAdapter$$Lambda$36/0x0000018648052530 (java.base@17.0.9)
 727:             1             16  sun.util.locale.provider.JRELocaleProviderAdapter$$Lambda$57/0x80000005f (java.base@17.0.9)
 728:             1             16  sun.util.locale.provider.JRELocaleProviderAdapter$$Lambda$58/0x800000060 (java.base@17.0.9)
 729:             1             16  sun.util.locale.provider.TimeZoneNameUtility$TimeZoneNameGetter (java.base@17.0.9)
 730:             1             16  sun.util.resources.LocaleData$LocaleDataStrategy (java.base@17.0.9)
 731:             1             16  sun.util.resources.provider.LocaleDataProvider (jdk.localedata@17.0.9)
 732:             1             16  sun.util.resources.provider.NonBaseLocaleDataMetaInfo (jdk.localedata@17.0.9)
Total         70724        6718712


1.2. В конце работы приложения при запуске команды jmap -histo 7008 получаем следующий перечень классов, которые были запущены:
2)  num     #instances         #bytes  class name (module)
-------------------------------------------------------
   1:       1077513       54747608  [B (java.base@17.0.9)
   2:       1048852       25172448  java.lang.String (java.base@17.0.9)
   3:       1014615       24350760  java.time.LocalDateTime (java.base@17.0.9)
   4:       1014553       24349272  java.time.LocalDate (java.base@17.0.9)
   5:       1014488       24347712  java.time.LocalTime (java.base@17.0.9)
   6:       1014461       24347064  ru.job4j.tracker.Item
   7:         11548       13830200  [I (java.base@17.0.9)
   8:        183272       10263232  sun.util.calendar.ZoneInfo (java.base@17.0.9)
   9:        554665        8874640  java.lang.Integer (java.base@17.0.9)
  10:         47882        6965936  [Ljava.lang.Object; (java.base@17.0.9)
  11:          7608        2225216  [C (java.base@17.0.9)
  12:          5698         683760  java.io.ObjectStreamClass (java.base@17.0.9)
  13:          2686         324504  java.lang.Class (java.base@17.0.9)
  14:          9702         310464  java.util.HashMap$Node (java.base@17.0.9)
  15:          6364         305472  java.util.HashMap (java.base@17.0.9)
  16:          1220         303752  [J (java.base@17.0.9)
  17:         11860         284640  java.lang.Long (java.base@17.0.9)
  18:          8311         251776  [Ljava.lang.String; (java.base@17.0.9)
  19:          3355         245120  [Ljava.util.HashMap$Node; (java.base@17.0.9)
  20:          9872         236928  java.lang.StringBuilder (java.base@17.0.9)
  21:          4893         195720  java.util.TreeMap$Entry (java.base@17.0.9)
  22:          4308         148472  [Ljavax.management.ObjectName$Property; (java.management@17.0.9)
  23:          1680         147840  java.lang.reflect.Method (java.base@17.0.9)
  24:          4163         133216  java.util.concurrent.ConcurrentHashMap$Node (java.base@17.0.9)
  25:          5456         130944  javax.management.Attribute (java.management@17.0.9)
  26:          5280         126720  java.io.SerialCallbackContext (java.base@17.0.9)
  27:          3018         120720  java.io.ObjectOutputStream$HandleTable (java.base@17.0.9)
  28:          1509         108648  sun.rmi.transport.ConnectionInputStream (java.rmi@17.0.9)
  29:          2586         103440  java.io.DataOutputStream (java.base@17.0.9)
  30:          1686         102912  [Ljava.io.ObjectInputStream$HandleTable$HandleList; (java.base@17.0.9)
  31:          3928         102768  [Ljava.lang.Class; (java.base@17.0.9)
  32:          3026          96832  java.rmi.server.UID (java.rmi@17.0.9)
  33:          1509          96576  sun.rmi.transport.ConnectionOutputStream (java.rmi@17.0.9)
  34:          1062          84896  [S (java.base@17.0.9)
  35:          1509          84504  java.io.ObjectInputStream$BlockDataInputStream (java.base@17.0.9)
  36:          4438          71008  java.lang.Object (java.base@17.0.9)
  37:          1290          61920  java.util.TreeMap (java.base@17.0.9)
  38:          1510          60400  sun.rmi.transport.StreamRemoteCall (java.rmi@17.0.9)
  39:          1509          60360  java.io.ObjectOutputStream$BlockDataOutputStream (java.base@17.0.9)
  40:          2358          56592  javax.management.ObjectName$Property (java.management@17.0.9)
  41:          1320          52800  java.util.LinkedHashMap$Entry (java.base@17.0.9)
  42:          1515          48480  java.io.DataInputStream (java.base@17.0.9)
  43:          1509          48288  java.io.ObjectInputStream$HandleTable (java.base@17.0.9)
  44:          1509          48288  java.io.ObjectInputStream$PeekInputStream (java.base@17.0.9)
  45:          1450          46400  javax.management.ObjectName (java.management@17.0.9)
  46:          1408          45056  javax.management.AttributeList (java.management@17.0.9)
  47:           896          43008  java.lang.management.MemoryUsage (java.management@17.0.9)
  48:          1729          41496  java.util.ArrayList (java.base@17.0.9)
  49:           122          40672  [Ljava.util.concurrent.ConcurrentHashMap$Node; (java.base@17.0.9)
  50:          1513          36312  java.rmi.server.ObjID (java.rmi@17.0.9)
  51:          1509          36216  java.io.ObjectOutputStream$ReplaceTable (java.base@17.0.9)
  52:          1456          34944  java.io.ObjectStreamClass$ClassDataSlot (java.base@17.0.9)
  53:          1438          34536  [Ljava.io.ObjectStreamClass$ClassDataSlot; (java.base@17.0.9)
  54:          1411          33864  [Ljava.io.ObjectInputStream$FieldValues; (java.base@17.0.9)
  55:           461          33192  java.lang.reflect.Field (java.base@17.0.9)
  56:           510          32640  java.util.concurrent.ConcurrentHashMap (java.base@17.0.9)
  57:           445          32040  java.lang.reflect.Constructor (java.base@17.0.9)
  58:           971          31072  java.util.TreeMap$KeyIterator (java.base@17.0.9)
  59:          1254          30096  javax.management.openmbean.CompositeDataSupport (java.management@17.0.9)
  60:           588          28224  java.lang.invoke.MemberName (java.base@17.0.9)
  61:           396          25344  java.lang.Class$ReflectionData (java.base@17.0.9)
  62:          1521          24336  java.util.HashMap$Values (java.base@17.0.9)
  63:          1509          24144  java.io.ObjectInputStream$ValidationList (java.base@17.0.9)
  64:           292          22192  [Ljava.lang.ref.SoftReference; (java.base@17.0.9)
  65:           674          21568  java.lang.invoke.LambdaForm$Name (java.base@17.0.9)
  66:           535          21400  java.lang.ref.SoftReference (java.base@17.0.9)
  67:           514          20560  java.lang.invoke.MethodType (java.base@17.0.9)
  68:          1261          20176  java.util.TreeMap$KeySet (java.base@17.0.9)
  69:           529          16928  java.lang.invoke.MethodType$ConcurrentWeakInternSet$WeakEntry (java.base@17.0.9)
  70:           896          14336  java.util.TreeMap$EntrySet (java.base@17.0.9)
  71:           352          14080  java.lang.reflect.InvocationTargetException (java.base@17.0.9)
  72:           461          11064  java.lang.invoke.ResolvedMethodName (java.base@17.0.9)
  73:           179          10816  [Ljava.lang.reflect.Method; (java.base@17.0.9)
  74:           193          10808  java.lang.Module (java.base@17.0.9)
  75:           319          10208  java.lang.ref.WeakReference (java.base@17.0.9)
  76:           240           9600  java.util.WeakHashMap$Entry (java.base@17.0.9)
  77:           119           9520  jdk.internal.reflect.DelegatingClassLoader (java.base@17.0.9)
  78:            25           9200  java.lang.Thread (java.base@17.0.9)
  79:           371           8904  java.lang.module.ModuleDescriptor$Exports (java.base@17.0.9)
  80:            41           8528  [Ljava.lang.invoke.MethodHandle; (java.base@17.0.9)
  81:            96           8480  [Ljava.util.WeakHashMap$Entry; (java.base@17.0.9)
  82:           262           8384  sun.security.util.KnownOIDs (java.base@17.0.9)
  83:            58           8232  [Ljava.lang.ClassValue$Entry; (java.base@17.0.9)
  84:           200           8000  java.io.ObjectStreamField (java.base@17.0.9)
  85:           160           7760  [Ljava.lang.invoke.LambdaForm$Name; (java.base@17.0.9)
  86:           155           7440  java.lang.invoke.LambdaForm (java.base@17.0.9)
  87:           176           7040  java.lang.UnsupportedOperationException (java.base@17.0.9)
  88:           289           6776  [Ljava.lang.reflect.Constructor; (java.base@17.0.9)
  89:           208           6656  jdk.internal.reflect.NativeConstructorAccessorImpl (java.base@17.0.9)
  90:            92           6496  [Ljava.lang.Thread; (java.base@17.0.9)
  91:           194           6208  java.lang.invoke.DirectMethodHandle (java.base@17.0.9)
  92:           252           6048  javax.management.ImmutableDescriptor (java.management@17.0.9)
  93:            71           5680  java.net.URI (java.base@17.0.9)
  94:           234           5616  java.util.ImmutableCollections$Set12 (java.base@17.0.9)
  95:           169           5408  java.lang.module.ModuleDescriptor$Requires (java.base@17.0.9)
  96:           134           5360  java.security.ProtectionDomain (java.base@17.0.9)
  97:           223           5352  java.util.Arrays$ArrayList (java.base@17.0.9)
  98:           164           5248  java.lang.invoke.MethodTypeForm (java.base@17.0.9)
  99:           130           5200  java.security.CodeSource (java.base@17.0.9)
 100:           155           4960  com.sun.jmx.mbeanserver.ConvertingMethod (java.management@17.0.9)
 101:           198           4752  java.lang.invoke.LambdaForm$NamedFunction (java.base@17.0.9)
 102:            72           4608  java.lang.module.ModuleDescriptor (java.base@17.0.9)
 103:           191           4584  jdk.internal.module.ServicesCatalog$ServiceProvider (java.base@17.0.9)
 104:           280           4480  java.util.HashSet (java.base@17.0.9)
 105:           185           4440  java.util.Collections$UnmodifiableRandomAccessList (java.base@17.0.9)
 106:           179           4296  java.util.Collections$UnmodifiableCollection$1 (java.base@17.0.9)
 107:           127           4064  jdk.internal.loader.NativeLibraries (java.base@17.0.9)
 108:            71           3976  jdk.internal.module.ModuleReferenceImpl (java.base@17.0.9)
 109:           121           3872  java.lang.ref.ReferenceQueue (java.base@17.0.9)
 110:           153           3672  java.util.ImmutableCollections$List12 (java.base@17.0.9)
 111:            57           3648  java.lang.ClassValue$ClassValueMap (java.base@17.0.9)
 112:            90           3600  java.math.BigInteger (java.base@17.0.9)
 113:           112           3584  java.lang.invoke.BoundMethodHandle$Species_L (java.base@17.0.9)
 114:            85           3400  java.io.ClassCache$CacheRef (java.base@17.0.9)
 115:           210           3360  jdk.internal.reflect.DelegatingConstructorAccessorImpl (java.base@17.0.9)
 116:           166           3320  [Lcom.sun.jmx.mbeanserver.MXBeanMapping; (java.management@17.0.9)
 117:            80           3200  com.sun.management.internal.DiagnosticCommandArgumentInfo (jdk.management@17.0.9)
 118:            50           3200  java.security.Provider$Service (java.base@17.0.9)
 119:            99           3168  java.net.InetAddress$InetAddressHolder (java.base@17.0.9)
 120:            49           3136  javax.management.openmbean.OpenMBeanAttributeInfoSupport (java.management@17.0.9)
 121:           130           3120  java.util.ImmutableCollections$SetN (java.base@17.0.9)
 122:           122           2928  java.security.Provider$ServiceKey (java.base@17.0.9)
 123:            55           2888  [Ljavax.management.MBeanAttributeInfo; (java.management@17.0.9)
 124:            90           2880  java.lang.ClassValue$Entry (java.base@17.0.9)
 125:           118           2832  java.util.Arrays$ArrayItr (java.base@17.0.9)
 126:            69           2824  [Ljava.lang.reflect.Field; (java.base@17.0.9)
 127:            44           2816  sun.nio.cs.SingleByte$Encoder (java.base@17.0.9)
 128:            54           2592  javax.management.MBeanInfo (java.management@17.0.9)
 129:            53           2544  java.lang.invoke.LambdaFormEditor$Transform (java.base@17.0.9)
 130:           103           2472  [[C (java.base@17.0.9)
 131:            50           2400  java.util.logging.LogManager$LoggerWeakRef (java.logging@17.0.9)
 132:            84           2344  [Ljava.io.ObjectStreamField; (java.base@17.0.9)
 133:            95           2280  java.util.concurrent.CopyOnWriteArrayList (java.base@17.0.9)
 134:            56           2240  java.lang.invoke.BoundMethodHandle$Species_LL (java.base@17.0.9)
 135:            68           2176  java.lang.invoke.LambdaForm$Kind (java.base@17.0.9)
 136:            90           2160  java.util.concurrent.ConcurrentSkipListMap$Node (java.base@17.0.9)
 137:           134           2144  [Ljava.security.Principal; (java.base@17.0.9)
 138:           134           2144  java.security.ProtectionDomain$Key (java.base@17.0.9)
 139:            89           2136  [Ljava.net.InetAddress; (java.base@17.0.9)
 140:            38           2128  java.util.LinkedHashMap (java.base@17.0.9)
 141:            44           2112  sun.nio.cs.SingleByte$Decoder (java.base@17.0.9)
 142:            65           2080  javax.management.MBeanAttributeInfo (java.management@17.0.9)
 143:           128           2048  java.lang.Character (java.base@17.0.9)
 144:            42           2016  com.sun.management.internal.DiagnosticCommandInfo (jdk.management@17.0.9)
 145:            62           1984  jdk.internal.loader.BuiltinClassLoader$LoadedModule (java.base@17.0.9)
 146:           123           1968  java.lang.ref.ReferenceQueue$Lock (java.base@17.0.9)
 147:            47           1880  java.lang.invoke.DirectMethodHandle$Accessor (java.base@17.0.9)
 148:            45           1800  java.net.InetAddress$CachedAddresses (java.base@17.0.9)
 149:            36           1728  java.util.WeakHashMap (java.base@17.0.9)
 150:            54           1728  java.util.logging.LogManager$LogNode (java.logging@17.0.9)
 151:            71           1704  jdk.internal.module.SystemModuleFinders$2 (java.base@17.0.9)
 152:            33           1584  java.time.temporal.ValueRange (java.base@17.0.9)
 153:            39           1560  java.security.AccessControlContext (java.base@17.0.9)
 154:            24           1536  java.net.URL (java.base@17.0.9)
 155:            96           1536  jdk.internal.reflect.DelegatingMethodAccessorImpl (java.base@17.0.9)
 156:            38           1520  javax.management.MBeanOperationInfo (java.management@17.0.9)
 157:            63           1512  java.lang.module.ModuleDescriptor$Provides (java.base@17.0.9)
 158:            63           1512  java.lang.module.ResolvedModule (java.base@17.0.9)
 159:            63           1512  java.security.Provider$UString (java.base@17.0.9)
 160:            63           1512  jdk.internal.module.SystemModuleFinders$SystemModuleReader (java.base@17.0.9)
 161:            63           1512  sun.reflect.generics.tree.SimpleClassTypeSignature (java.base@17.0.9)
 162:            47           1504  java.net.Inet6Address$Inet6AddressHolder (java.base@17.0.9)
 163:            37           1480  java.lang.invoke.DirectMethodHandle$Constructor (java.base@17.0.9)
 164:            45           1440  java.net.InetAddress$CachedLocalHost (java.base@17.0.9)
 165:            30           1440  jdk.internal.ref.CleanerImpl$PhantomCleanableRef (java.base@17.0.9)
 166:             1           1424  [[B (java.base@17.0.9)
 167:            44           1408  java.util.concurrent.ConcurrentSkipListMap$KeyIterator (java.base@17.0.9)
 168:            42           1344  com.sun.management.internal.DiagnosticCommandImpl$Wrapper (jdk.management@17.0.9)
 169:            42           1344  javax.management.MBeanParameterInfo (java.management@17.0.9)
 170:            45           1336  [Ljavax.management.MBeanOperationInfo; (java.management@17.0.9)
 171:            52           1248  java.net.Inet4Address (java.base@17.0.9)
 172:            39           1248  jdk.internal.reflect.UnsafeQualifiedStaticLongFieldAccessorImpl (java.base@17.0.9)
 173:            30           1200  java.time.temporal.ChronoField (java.base@17.0.9)
 174:            38           1184  [Ljava.math.BigInteger; (java.base@17.0.9)
 175:            63           1176  [Lsun.reflect.generics.tree.TypeArgument; (java.base@17.0.9)
 176:            29           1160  java.io.ObjectStreamClass$FieldReflector (java.base@17.0.9)
 177:            29           1160  java.lang.invoke.MethodHandleImpl$AsVarargsCollector (java.base@17.0.9)
 178:             8           1152  [Ljava.lang.invoke.MemberName; (java.base@17.0.9)
 179:            11           1144  java.util.jar.JarFile$JarFileEntry (java.base@17.0.9)
 180:            47           1128  java.net.Inet6Address (java.base@17.0.9)
 181:             1           1104  [Lsun.security.util.KnownOIDs; (java.base@17.0.9)
 182:             5           1104  [Z (java.base@17.0.9)
 183:            69           1104  java.util.HashMap$KeySet (java.base@17.0.9)
 184:            67           1072  jdk.internal.module.SystemModuleFinders$3 (java.base@17.0.9)
 185:             2           1064  [Ljava.lang.Integer; (java.base@17.0.9)
 186:            44           1056  java.net.InetAddress$NameServiceAddresses (java.base@17.0.9)
 187:            42           1048  [Lcom.sun.management.internal.DiagnosticCommandArgumentInfo; (jdk.management@17.0.9)
 188:             1           1040  [Ljava.lang.Long; (java.base@17.0.9)
 189:            31            992  java.lang.invoke.VarHandle$AccessMode (java.base@17.0.9)
 190:            62            992  sun.reflect.generics.tree.ClassTypeSignature (java.base@17.0.9)
 191:            41            984  com.sun.jmx.mbeanserver.PerInterface$MethodAndSig (java.management@17.0.9)
 192:            24            960  com.sun.jmx.mbeanserver.MXBeanSupport (java.management@17.0.9)
 193:            30            960  java.security.Provider$EngineDescription (java.base@17.0.9)
 194:            40            960  java.util.ImmutableCollections$ListN (java.base@17.0.9)
 195:            17            952  javax.management.openmbean.CompositeType (java.management@17.0.9)
 196:            28            936  [Ljava.time.format.DateTimeFormatterBuilder$DateTimePrinterParser; (java.base@17.0.9)
 197:            29            928  java.util.Locale (java.base@17.0.9)
 198:            29            928  sun.util.locale.BaseLocale (java.base@17.0.9)
 199:            19            912  javax.management.openmbean.ArrayType (java.management@17.0.9)
 200:            37            904  [Ljavax.management.MBeanParameterInfo; (java.management@17.0.9)
 201:            16            896  java.nio.HeapCharBuffer (java.base@17.0.9)
 202:            16            896  java.util.logging.Logger (java.logging@17.0.9)
 203:            37            888  java.lang.management.ManagementPermission (java.management@17.0.9)
 204:            11            880  java.util.zip.ZipFile$Source (java.base@17.0.9)
 205:            21            840  sun.util.locale.LocaleObjectCache$CacheEntry (java.base@17.0.9)
 206:            25            800  com.sun.jmx.mbeanserver.WeakIdentityHashMap$IdentityWeakReference (java.management@17.0.9)
 207:            20            800  java.io.FileDescriptor (java.base@17.0.9)
 208:            20            800  java.lang.invoke.BoundMethodHandle$Species_LJ (java.base@17.0.9)
 209:            25            800  java.time.format.DateTimeFormatterBuilder$NumberPrinterParser (java.base@17.0.9)
 210:            14            784  javax.management.openmbean.OpenMBeanParameterInfoSupport (java.management@17.0.9)
 211:            32            768  com.sun.jmx.mbeanserver.DefaultMXBeanMappingFactory$IdentityMapping (java.management@17.0.9)
 212:            19            760  sun.nio.fs.WindowsPath (java.base@17.0.9)
 213:            23            736  sun.management.MappedMXBeanType$BasicMXBeanType (java.management@17.0.9)
 214:            18            720  java.lang.invoke.VarHandle$AccessDescriptor (java.base@17.0.9)
 215:            18            720  sun.reflect.generics.repository.MethodRepository (java.base@17.0.9)
 216:            11            704  java.nio.DirectByteBuffer (java.base@17.0.9)
 217:            44            704  java.util.HashMap$EntrySet (java.base@17.0.9)
 218:            11            704  sun.nio.fs.WindowsFileAttributes (java.base@17.0.9)
 219:            29            696  java.io.ObjectStreamClass$FieldReflectorKey (java.base@17.0.9)
 220:            31            688  [Ljava.lang.reflect.Type; (java.base@17.0.9)
 221:             7            680  [D (java.base@17.0.9)
 222:            17            680  java.util.logging.Logger$ConfigurationData (java.logging@17.0.9)
 223:            28            672  java.time.format.DateTimeFormatterBuilder$CompositePrinterParser (java.base@17.0.9)
 224:            41            656  jdk.internal.reflect.BootstrapConstructorAccessorImpl (java.base@17.0.9)
 225:            27            648  java.util.Collections$SingletonList (java.base@17.0.9)
 226:            27            648  java.util.jar.Attributes$Name (java.base@17.0.9)
 227:             2            640  [Ljava.time.LocalDateTime; (java.base@17.0.9)
 228:            20            640  java.lang.ThreadLocal$ThreadLocalMap$Entry (java.base@17.0.9)
 229:            16            640  java.time.format.DateTimeFormatter (java.base@17.0.9)
 230:            10            640  java.util.zip.Inflater (java.base@17.0.9)
 231:             3            624  [Ljava.lang.invoke.LambdaForm; (java.base@17.0.9)
 232:            26            624  com.sun.jmx.mbeanserver.NamedObject (java.management@17.0.9)
 233:            26            624  java.util.concurrent.ConcurrentSkipListMap$Index (java.base@17.0.9)
 234:            11            616  java.io.FileCleanable (java.base@17.0.9)
 235:            11            616  java.util.jar.JarFile (java.base@17.0.9)
 236:            38            608  java.lang.constant.ReferenceClassDescImpl (java.base@17.0.9)
 237:            24            576  java.lang.invoke.Invokers (java.base@17.0.9)
 238:            24            576  java.time.Duration (java.base@17.0.9)
 239:            18            576  jdk.internal.reflect.NativeMethodAccessorImpl (java.base@17.0.9)
 240:            18            576  sun.reflect.generics.tree.MethodTypeSignature (java.base@17.0.9)
 241:             7            560  java.util.concurrent.TimeUnit (java.base@17.0.9)
 242:            14            560  javax.management.openmbean.SimpleType (java.management@17.0.9)
 243:            10            560  sun.invoke.util.Wrapper (java.base@17.0.9)
 244:             1            528  [Ljava.lang.Character; (java.base@17.0.9)
 245:            11            528  com.sun.jmx.mbeanserver.DefaultMXBeanMappingFactory$CompositeMapping (java.management@17.0.9)
 246:            11            528  java.lang.invoke.BoundMethodHandle$SpeciesData (java.base@17.0.9)
 247:            11            528  javax.management.Notification (java.management@17.0.9)
 248:            22            528  javax.management.openmbean.TabularDataSupport (java.management@17.0.9)
 249:            11            528  jdk.internal.loader.URLClassPath$JarLoader (java.base@17.0.9)
 250:            13            520  com.sun.jmx.mbeanserver.PerInterface (java.management@17.0.9)
 251:            13            520  java.lang.invoke.VarHandleReferences$FieldInstanceReadWrite (java.base@17.0.9)
 252:            16            512  java.time.temporal.ChronoUnit (java.base@17.0.9)
 253:            16            512  java.util.concurrent.locks.ReentrantLock$NonfairSync (java.base@17.0.9)
 254:            21            504  java.util.AbstractMap$SimpleImmutableEntry (java.base@17.0.9)
 255:            21            504  sun.reflect.generics.factory.CoreReflectionFactory (java.base@17.0.9)
 256:             7            496  [Lsun.invoke.util.Wrapper; (java.base@17.0.9)
 257:             6            480  [Ljava.lang.ThreadLocal$ThreadLocalMap$Entry; (java.base@17.0.9)
 258:            12            480  java.lang.OutOfMemoryError (java.base@17.0.9)
 259:            20            480  java.lang.RuntimePermission (java.base@17.0.9)
 260:             6            480  sun.nio.ch.NioSocketImpl (java.base@17.0.9)
 261:            11            472  [Ljava.lang.invoke.MethodType; (java.base@17.0.9)
 262:            19            456  java.lang.Class$AnnotationData (java.base@17.0.9)
 263:            19            456  sun.reflect.generics.reflectiveObjects.ParameterizedTypeImpl (java.base@17.0.9)
 264:            25            448  [Lsun.reflect.generics.tree.FieldTypeSignature; (java.base@17.0.9)
 265:            14            448  jdk.jfr.internal.LogTag (jdk.jfr@17.0.9)
 266:             8            448  sun.management.MemoryPoolImpl (java.management@17.0.9)
 267:            11            440  [Ljava.lang.invoke.BoundMethodHandle$SpeciesData; (java.base@17.0.9)
 268:            20            440  [Ljavax.management.MBeanNotificationInfo; (java.management@17.0.9)
 269:             5            440  java.util.regex.Pattern (java.base@17.0.9)
 270:             1            432  [[[C (java.base@17.0.9)
 271:            18            432  java.util.Collections$SetFromMap (java.base@17.0.9)
 272:            18            432  javax.management.StandardMBean (java.management@17.0.9)
 273:            18            432  sun.reflect.generics.scope.MethodScope (java.base@17.0.9)
 274:            13            416  sun.security.jca.ProviderConfig (java.base@17.0.9)
 275:            17            408  java.io.ObjectStreamClass$ExceptionInfo (java.base@17.0.9)
 276:            17            408  sun.nio.ch.OptionKey (java.base@17.0.9)
 277:            17            408  sun.nio.ch.SocketOptionRegistry$RegistryKey (java.base@17.0.9)
 278:            12            400  [Ljava.lang.constant.ClassDesc; (java.base@17.0.9)
 279:            10            400  java.util.IdentityHashMap (java.base@17.0.9)
 280:             7            392  java.lang.invoke.BoundMethodHandle$Species_LLLLLLL (java.base@17.0.9)
 281:             2            384  [Ljava.time.ZoneOffset; (java.base@17.0.9)
 282:            12            384  java.io.File (java.base@17.0.9)
 283:            16            384  java.time.ZoneOffset (java.base@17.0.9)
 284:             8            384  java.util.Hashtable (java.base@17.0.9)
 285:            16            384  sun.management.MemoryUsageCompositeData (java.management@17.0.9)
 286:            22            376  [Lsun.reflect.generics.tree.FormalTypeParameter; (java.base@17.0.9)
 287:             1            376  com.intellij.rt.execution.application.AppMainV2$1
 288:             1            376  java.lang.ref.Finalizer$FinalizerThread (java.base@17.0.9)
 289:             1            376  java.util.logging.LogManager$Cleaner (java.logging@17.0.9)
 290:             1            376  jdk.internal.misc.InnocuousThread (java.base@17.0.9)
 291:             1            368  java.lang.ref.Reference$ReferenceHandler (java.base@17.0.9)
 292:             8            360  [Ljava.util.Hashtable$Entry; (java.base@17.0.9)
 293:            11            352  java.io.RandomAccessFile (java.base@17.0.9)
 294:            11            352  java.lang.constant.DirectMethodHandleDesc$Kind (java.base@17.0.9)
 295:            22            352  java.time.format.DateTimeFormatterBuilder$CharLiteralPrinterParser (java.base@17.0.9)
 296:            22            352  java.util.Collections$UnmodifiableSet (java.base@17.0.9)
 297:            11            352  java.util.zip.ZipFile$CleanableResource (java.base@17.0.9)
 298:            11            352  jdk.internal.reflect.UnsafeQualifiedStaticObjectFieldAccessorImpl (java.base@17.0.9)
 299:             7            336  java.io.ObjectInputStream$FilterValues (java.base@17.0.9)
 300:             7            336  java.lang.invoke.BoundMethodHandle$Species_LLLL (java.base@17.0.9)
 301:             6            336  java.nio.DirectLongBufferU (java.base@17.0.9)
 302:             6            336  java.nio.HeapByteBuffer (java.base@17.0.9)
 303:             6            336  java.util.Properties (java.base@17.0.9)
 304:            18            328  [Lsun.reflect.generics.tree.TypeSignature; (java.base@17.0.9)
 305:             4            320  [Ljava.nio.ByteBuffer; (java.base@17.0.9)
 306:            10            320  java.lang.constant.DirectMethodHandleDescImpl (java.base@17.0.9)
 307:             8            320  jdk.internal.loader.NativeLibraries$NativeLibraryImpl (java.base@17.0.9)
 308:            10            320  jdk.internal.logger.LazyLoggers$LazyLoggerAccessor (java.base@17.0.9)
 309:             8            320  sun.management.MemoryPoolImpl$CollectionSensor (java.management@17.0.9)
 310:             8            320  sun.management.MemoryPoolImpl$PoolSensor (java.management@17.0.9)
 311:             8            320  sun.rmi.transport.tcp.TCPEndpoint (java.rmi@17.0.9)
 312:            10            320  sun.util.locale.BaseLocale$Key (java.base@17.0.9)
 313:             8            320  sun.util.resources.Bundles$BundleReference (java.base@17.0.9)
 314:            17            312  [Ljavax.management.MBeanConstructorInfo; (java.management@17.0.9)
 315:            13            312  java.util.ArrayDeque (java.base@17.0.9)
 316:             1            288  [Ljava.lang.invoke.LambdaForm$Kind; (java.base@17.0.9)
 317:            12            288  com.sun.jmx.remote.util.ClassLogger (java.management@17.0.9)
 318:             9            288  java.lang.constant.PrimitiveClassDescImpl (java.base@17.0.9)
 319:            12            288  java.net.StandardSocketOptions$StdSocketOption (java.base@17.0.9)
 320:            12            288  java.util.concurrent.atomic.AtomicLong (java.base@17.0.9)
 321:             9            288  java.util.logging.Level (java.logging@17.0.9)
 322:             9            288  java.util.logging.Level$KnownLevel (java.logging@17.0.9)
 323:             9            288  javax.management.MBeanNotificationInfo (java.management@17.0.9)
 324:             9            288  jdk.internal.org.objectweb.asm.Type (java.base@17.0.9)
 325:             7            280  java.lang.invoke.DirectMethodHandle$Interface (java.base@17.0.9)
 326:             7            280  javax.management.remote.rmi.RMIConnectionImpl$4 (java.management.rmi@17.0.9)
 327:            11            264  com.sun.jmx.remote.internal.ArrayNotificationBuffer$NamedNotification (java.management@17.0.9)
 328:            11            264  java.lang.invoke.MethodHandleImpl$Intrinsic (java.base@17.0.9)
 329:            11            264  java.util.zip.ZipFile$Source$Key (java.base@17.0.9)
 330:             8            256  java.lang.invoke.VarForm (java.base@17.0.9)
 331:             8            256  java.lang.reflect.ProxyGenerator$PrimitiveTypeInfo (java.base@17.0.9)
 332:            16            256  java.util.Collections$UnmodifiableMap$UnmodifiableEntrySet$UnmodifiableEntry (java.base@17.0.9)
 333:            16            256  java.util.concurrent.locks.ReentrantLock (java.base@17.0.9)
 334:             8            256  sun.util.resources.Bundles$CacheKey (java.base@17.0.9)
 335:             5            240  [Ljava.lang.invoke.LambdaForm$NamedFunction; (java.base@17.0.9)
 336:            10            240  java.lang.constant.MethodTypeDescImpl (java.base@17.0.9)
 337:             5            240  java.lang.invoke.BoundMethodHandle$Species_LLLLL (java.base@17.0.9)
 338:            10            240  java.nio.charset.CoderResult (java.base@17.0.9)
 339:            10            240  java.nio.file.StandardOpenOption (java.base@17.0.9)
 340:             6            240  java.util.EnumMap (java.base@17.0.9)
 341:             6            240  java.util.stream.StreamOpFlag (java.base@17.0.9)
 342:            10            240  java.util.zip.Inflater$InflaterZStreamRef (java.base@17.0.9)
 343:            13            224  [Ljava.lang.constant.ConstantDesc; (java.base@17.0.9)
 344:            14            224  java.util.Collections$SingletonSet (java.base@17.0.9)
 345:             7            224  java.util.Hashtable$Entry (java.base@17.0.9)
 346:             7            224  java.util.regex.Pattern$Branch (java.base@17.0.9)
 347:             2            224  sun.security.provider.HashDrbg (java.base@17.0.9)
 348:            14            224  sun.util.logging.internal.LoggingProviderImpl$JULWrapper (java.logging@17.0.9)
 349:             9            216  com.sun.jmx.interceptor.DefaultMBeanServerInterceptor$ListenerWrapper (java.management@17.0.9)
 350:             9            216  sun.rmi.runtime.Log$LoggerLog (java.rmi@17.0.9)
 351:             9            216  sun.util.logging.PlatformLogger$Level (java.base@17.0.9)
 352:             5            200  java.lang.WeakPairMap$Pair$Weak (java.base@17.0.9)
 353:             5            200  java.net.Socket (java.base@17.0.9)
 354:             5            200  sun.util.locale.provider.LocaleResources$ResourceReference (java.base@17.0.9)
 355:             6            192  com.sun.jmx.mbeanserver.DefaultMXBeanMappingFactory$CollectionMapping (java.management@17.0.9)
 356:             4            192  java.lang.ThreadGroup (java.base@17.0.9)
 357:             6            192  java.lang.invoke.LambdaForm$BasicType (java.base@17.0.9)
 358:             8            192  java.math.RoundingMode (java.base@17.0.9)
 359:             8            192  java.net.NetPermission (java.base@17.0.9)
 360:             3            192  java.nio.DirectByteBufferR (java.base@17.0.9)
 361:             6            192  java.time.format.TextStyle (java.base@17.0.9)
 362:             6            192  java.util.Collections$UnmodifiableMap (java.base@17.0.9)
 363:             8            192  java.util.LinkedList$Node (java.base@17.0.9)
 364:             6            192  java.util.RegularEnumSet (java.base@17.0.9)
 365:            12            192  java.util.WeakHashMap$KeySet (java.base@17.0.9)
 366:             4            192  java.util.concurrent.ThreadPoolExecutor$Worker (java.base@17.0.9)
 367:             6            192  javax.management.remote.NotificationResult (java.management@17.0.9)
 368:             6            192  sun.management.NotificationEmitterSupport$ListenerInfo (java.management@17.0.9)
 369:            11            176  java.util.concurrent.atomic.AtomicInteger (java.base@17.0.9)
 370:             7            168  [Ljava.util.regex.Pattern$Node; (java.base@17.0.9)
 371:             1            168  [[Ljava.math.BigInteger; (java.base@17.0.9)
 372:             7            168  java.lang.System$Logger$Level (java.base@17.0.9)
 373:             7            168  java.security.Permissions (java.base@17.0.9)
 374:             7            168  java.util.regex.Pattern$GroupHead (java.base@17.0.9)
 375:             7            168  java.util.regex.Pattern$GroupTail (java.base@17.0.9)
 376:             3            168  javax.management.openmbean.OpenMBeanOperationInfoSupport (java.management@17.0.9)
 377:             7            168  sun.management.counter.Units (java.management@17.0.9)
 378:             3            168  sun.rmi.transport.Target (java.rmi@17.0.9)
 379:             3            168  sun.rmi.transport.tcp.TCPConnection (java.rmi@17.0.9)
 380:             2            160  [Ljava.lang.constant.DirectMethodHandleDesc$Kind; (java.base@17.0.9)
 381:             5            160  [Ljava.lang.invoke.LambdaFormEditor$Transform; (java.base@17.0.9)
 382:             3            160  [Ljava.util.logging.Level; (java.logging@17.0.9)
 383:             4            160  java.io.BufferedInputStream (java.base@17.0.9)
 384:             5            160  java.io.BufferedOutputStream (java.base@17.0.9)
 385:             5            160  java.lang.Package (java.base@17.0.9)
 386:             5            160  java.lang.WeakPairMap$Pair$Weak$1 (java.base@17.0.9)
 387:             5            160  java.lang.invoke.MethodHandles$Lookup (java.base@17.0.9)
 388:             5            160  java.lang.invoke.VarHandle$AccessType (java.base@17.0.9)
 389:             4            160  java.lang.invoke.VarHandleInts$FieldInstanceReadWrite (java.base@17.0.9)
 390:             5            160  java.util.Collections$SynchronizedMap (java.base@17.0.9)
 391:            10            160  java.util.Formatter$Flags (java.base@17.0.9)
 392:             5            160  java.util.ImmutableCollections$MapN (java.base@17.0.9)
 393:             5            160  java.util.Vector (java.base@17.0.9)
 394:             5            160  javax.management.StandardEmitterMBean (java.management@17.0.9)
 395:            10            160  jdk.internal.logger.LazyLoggers$JdkLazyLogger (java.base@17.0.9)
 396:             4            160  jdk.internal.ref.Cleaner (java.base@17.0.9)
 397:             5            160  sun.util.locale.provider.LocaleProviderAdapter$Type (java.base@17.0.9)
 398:             5            160  sun.util.locale.provider.LocaleResources (java.base@17.0.9)
 399:             2            152  [[Ljava.lang.String; (java.base@17.0.9)
 400:             1            144  [Ljava.lang.invoke.VarHandle$AccessMode; (java.base@17.0.9)
 401:             6            144  [Ljava.security.ProtectionDomain; (java.base@17.0.9)
 402:             6            144  java.lang.Thread$State (java.base@17.0.9)
 403:             6            144  java.lang.ThreadLocal$ThreadLocalMap (java.base@17.0.9)
 404:             9            144  java.rmi.server.Operation (java.rmi@17.0.9)
 405:             3            144  java.time.temporal.JulianFields$Field (java.base@17.0.9)
 406:             1            144  java.util.Scanner (java.base@17.0.9)
 407:             6            144  java.util.regex.Pattern$BmpCharProperty (java.base@17.0.9)
 408:             3            144  javax.management.openmbean.TabularType (java.management@17.0.9)
 409:             6            144  jdk.internal.perf.PerfCounter (java.base@17.0.9)
 410:             6            144  jdk.net.ExtendedSocketOptions$ExtSocketOption (jdk.net@17.0.9)
 411:             3            144  sun.nio.cs.StreamEncoder (java.base@17.0.9)
 412:             3            144  sun.nio.cs.UTF_8$Encoder (java.base@17.0.9)
 413:             3            144  sun.rmi.transport.tcp.TCPChannel (java.rmi@17.0.9)
 414:             1            136  [Ljava.time.temporal.ChronoField; (java.base@17.0.9)
 415:             4            128  com.sun.jmx.mbeanserver.DefaultMXBeanMappingFactory$ArrayMapping (java.management@17.0.9)
 416:             4            128  java.nio.DirectByteBuffer$Deallocator (java.base@17.0.9)
 417:             4            128  java.util.LinkedList (java.base@17.0.9)
 418:             4            128  java.util.stream.FindOps$FindOp (java.base@17.0.9)
 419:             4            128  sun.reflect.generics.reflectiveObjects.TypeVariableImpl (java.base@17.0.9)
 420:             4            128  sun.reflect.generics.repository.ClassRepository (java.base@17.0.9)
 421:             2            128  sun.security.provider.SHA2$SHA256 (java.base@17.0.9)
 422:             3            120  [Ljava.lang.invoke.LambdaForm$BasicType; (java.base@17.0.9)
 423:             3            120  java.lang.invoke.MethodHandleImpl$IntrinsicMethodHandle (java.base@17.0.9)
 424:             5            120  java.lang.module.ModuleDescriptor$Opens (java.base@17.0.9)
 425:             3            120  java.lang.reflect.ProxyGenerator$ProxyMethod (java.base@17.0.9)
 426:             5            120  java.time.format.SignStyle (java.base@17.0.9)
 427:             5            120  java.util.BitSet (java.base@17.0.9)
 428:             5            120  java.util.stream.StreamOpFlag$Type (java.base@17.0.9)
 429:             5            120  jdk.internal.math.FloatingDecimal$PreparedASCIIToBinaryBuffer (java.base@17.0.9)
 430:             5            120  sun.nio.fs.WindowsPathType (java.base@17.0.9)
 431:             3            120  sun.rmi.transport.WeakRef (java.rmi@17.0.9)
 432:             3            120  sun.rmi.transport.tcp.TCPTransport$ConnectionHandler (java.rmi@17.0.9)
 433:             4            112  [Ljava.rmi.server.Operation; (java.rmi@17.0.9)
 434:             1            112  [Ljava.time.LocalTime; (java.base@17.0.9)
 435:             2            112  [Ljavax.management.openmbean.OpenType; (java.management@17.0.9)
 436:             7            112  java.lang.ThreadLocal (java.base@17.0.9)
 437:             2            112  java.net.SocketPermission (java.base@17.0.9)
 438:             2            112  java.nio.DirectIntBufferRU (java.base@17.0.9)
 439:             7            112  java.util.regex.Pattern$BranchConn (java.base@17.0.9)
 440:             2            104  [Lsun.util.logging.PlatformLogger$Level; (java.base@17.0.9)
 441:             1            104  jdk.internal.loader.ClassLoaders$AppClassLoader (java.base@17.0.9)
 442:             1            104  jdk.internal.loader.ClassLoaders$BootClassLoader (java.base@17.0.9)
 443:             1            104  jdk.internal.loader.ClassLoaders$PlatformClassLoader (java.base@17.0.9)
 444:             1            104  sun.security.jca.ProviderList$1 (java.base@17.0.9)
 445:             1            104  sun.security.provider.Sun (java.base@17.0.9)
 446:             2             96  [Ljava.lang.System$Logger$Level; (java.base@17.0.9)
 447:             2             96  [Ljava.lang.management.MemoryUsage; (java.management@17.0.9)
 448:             6             96  [Ljavax.management.remote.TargetedNotification; (java.management@17.0.9)
 449:             4             96  [Lsun.reflect.generics.tree.ClassTypeSignature; (java.base@17.0.9)
 450:             1             96  [Lsun.util.locale.BaseLocale; (java.base@17.0.9)
 451:             3             96  com.sun.jmx.mbeanserver.DefaultMXBeanMappingFactory$EnumMapping (java.management@17.0.9)
 452:             2             96  com.sun.management.internal.GarbageCollectorExtImpl (jdk.management@17.0.9)
 453:             3             96  java.io.ObjectInputStream$FieldValues (java.base@17.0.9)
 454:             4             96  java.lang.ClassValue$Version (java.base@17.0.9)
 455:             4             96  java.lang.NamedPackage (java.base@17.0.9)
 456:             3             96  java.lang.Runtime$Version (java.base@17.0.9)
 457:             3             96  java.lang.constant.DynamicConstantDesc$AnonymousDynamicConstantDesc (java.base@17.0.9)
 458:             3             96  java.lang.invoke.SimpleMethodHandle (java.base@17.0.9)
 459:             4             96  java.lang.module.ModuleDescriptor$Modifier (java.base@17.0.9)
 460:             4             96  java.lang.module.ModuleDescriptor$Requires$Modifier (java.base@17.0.9)
 461:             4             96  java.net.Socket$SocketInputStream (java.base@17.0.9)
 462:             4             96  java.time.format.DateTimeFormatterBuilder$OffsetIdPrinterParser (java.base@17.0.9)
 463:             4             96  java.time.format.DateTimeFormatterBuilder$SettingsParser (java.base@17.0.9)
 464:             6             96  java.util.IdentityHashMap$KeySet (java.base@17.0.9)
 465:             4             96  java.util.regex.Pattern$BmpCharPredicate$$Lambda$22/0x80000002b (java.base@17.0.9)
 466:             4             96  java.util.regex.Pattern$BmpCharPropertyGreedy (java.base@17.0.9)
 467:             4             96  java.util.regex.Pattern$CharPropertyGreedy (java.base@17.0.9)
 468:             4             96  java.util.regex.Pattern$Qtype (java.base@17.0.9)
 469:             4             96  java.util.stream.StreamShape (java.base@17.0.9)
 470:             3             96  javax.management.MBeanConstructorInfo (java.management@17.0.9)
 471:             1             96  jdk.internal.jimage.ImageReader$SharedImageReader (java.base@17.0.9)
 472:             4             96  jdk.internal.loader.AbstractClassLoaderValue$Sub (java.base@17.0.9)
 473:             6             96  jdk.internal.loader.ClassLoaderValue (java.base@17.0.9)
 474:             4             96  jdk.internal.logger.BootstrapLogger$LoggingBackend (java.base@17.0.9)
 475:             3             96  sun.net.spi.DefaultProxySelector$NonProxyInfo (java.base@17.0.9)
 476:             4             96  sun.nio.ch.Util$BufferCache (java.base@17.0.9)
 477:             2             96  sun.nio.cs.StreamDecoder (java.base@17.0.9)
 478:             3             96  sun.nio.fs.NativeBuffer (java.base@17.0.9)
 479:             4             96  sun.reflect.annotation.AnnotationInvocationHandler (java.base@17.0.9)
 480:             4             96  sun.reflect.generics.tree.ClassSignature (java.base@17.0.9)
 481:             4             96  sun.reflect.generics.tree.FormalTypeParameter (java.base@17.0.9)
 482:             3             96  sun.rmi.transport.LiveRef (java.rmi@17.0.9)
 483:             2             88  [Lsun.security.jca.ProviderConfig; (java.base@17.0.9)
 484:             1             88  com.sun.jmx.remote.util.ClassLoaderWithRepository (java.management@17.0.9)
 485:             1             88  javax.management.remote.rmi.RMIConnectionImpl$CombinedClassLoader (java.management.rmi@17.0.9)
 486:             1             88  sun.reflect.misc.MethodUtil (java.base@17.0.9)
 487:             2             80  [F (java.base@17.0.9)
 488:             2             80  [Ljava.lang.OutOfMemoryError; (java.base@17.0.9)
 489:             1             80  [Ljava.time.temporal.ChronoUnit; (java.base@17.0.9)
 490:             1             80  [Ljava.util.concurrent.RunnableScheduledFuture; (java.base@17.0.9)
 491:             2             80  [Ljava.util.stream.StreamOpFlag$Type; (java.base@17.0.9)
 492:             2             80  com.sun.jmx.mbeanserver.DefaultMXBeanMappingFactory$TabularMapping (java.management@17.0.9)
 493:             2             80  java.io.BufferedWriter (java.base@17.0.9)
 494:             2             80  java.io.PrintStream (java.base@17.0.9)
 495:             2             80  java.lang.ModuleLayer (java.base@17.0.9)
 496:             2             80  java.lang.module.Configuration (java.base@17.0.9)
 497:             2             80  java.util.Collections$SingletonMap (java.base@17.0.9)
 498:             2             80  java.util.HashMap$EntryIterator (java.base@17.0.9)
 499:             2             80  java.util.Locale$Category (java.base@17.0.9)
 500:             5             80  java.util.regex.Pattern$$Lambda$19/0x800000025 (java.base@17.0.9)
 501:             1             80  javax.management.remote.rmi.RMIConnectionImpl$CombinedClassLoader$ClassLoaderWrapper (java.management.rmi@17.0.9)
 502:             2             80  jdk.internal.math.FloatingDecimal$BinaryToASCIIBuffer (java.base@17.0.9)
 503:             2             80  sun.management.MemoryManagerImpl (java.management@17.0.9)
 504:             5             80  sun.nio.ch.NioSocketImpl$$Lambda$18/0x0000018648049fe0 (java.base@17.0.9)
 505:             1             80  sun.util.cldr.CLDRLocaleProviderAdapter (java.base@17.0.9)
 506:             1             80  sun.util.locale.provider.JRELocaleProviderAdapter (java.base@17.0.9)
 507:             3             72  [Ljava.lang.reflect.TypeVariable; (java.base@17.0.9)
 508:             1             72  [Ljavax.management.openmbean.SimpleType; (java.management@17.0.9)
 509:             1             72  [Ljdk.jfr.internal.LogTag; (jdk.jfr@17.0.9)
 510:             3             72  java.io.ObjectInputFilter$Status (java.base@17.0.9)
 511:             3             72  java.io.OutputStreamWriter (java.base@17.0.9)
 512:             3             72  java.lang.StackWalker$Option (java.base@17.0.9)
 513:             3             72  java.lang.WeakPairMap (java.base@17.0.9)
 514:             3             72  java.lang.annotation.RetentionPolicy (java.base@17.0.9)
 515:             3             72  java.lang.invoke.VarHandle$VarHandleDesc$Kind (java.base@17.0.9)
 516:             3             72  java.net.Proxy$Type (java.base@17.0.9)
 517:             3             72  java.net.Socket$SocketOutputStream (java.base@17.0.9)
 518:             3             72  java.net.StandardProtocolFamily (java.base@17.0.9)
 519:             3             72  java.rmi.dgc.VMID (java.rmi@17.0.9)
 520:             3             72  java.security.BasicPermissionCollection (java.base@17.0.9)
 521:             3             72  java.security.DrbgParameters$Capability (java.base@17.0.9)
 522:             3             72  java.security.SecurityPermission (java.base@17.0.9)
 523:             3             72  java.time.Instant (java.base@17.0.9)
 524:             3             72  java.time.format.ResolverStyle (java.base@17.0.9)
 525:             3             72  java.util.concurrent.ConcurrentHashMap$KeySetView (java.base@17.0.9)
 526:             1             72  java.util.concurrent.ScheduledThreadPoolExecutor (java.base@17.0.9)
 527:             1             72  java.util.concurrent.ScheduledThreadPoolExecutor$ScheduledFutureTask (java.base@17.0.9)
 528:             1             72  java.util.concurrent.ThreadPoolExecutor (java.base@17.0.9)
 529:             3             72  java.util.concurrent.locks.AbstractQueuedSynchronizer$ConditionObject (java.base@17.0.9)
 530:             1             72  java.util.regex.Matcher (java.base@17.0.9)
 531:             3             72  java.util.regex.Pattern$$Lambda$21/0x80000002a (java.base@17.0.9)
 532:             3             72  java.util.regex.Pattern$Start (java.base@17.0.9)
 533:             3             72  java.util.stream.Collector$Characteristics (java.base@17.0.9)
 534:             3             72  javax.management.NotificationBroadcasterSupport$ListenerInfo (java.management@17.0.9)
 535:             3             72  jdk.internal.math.FloatingDecimal$ExceptionalBinaryToASCIIBuffer (java.base@17.0.9)
 536:             3             72  jdk.jfr.internal.SecuritySupport$SafePath (jdk.jfr@17.0.9)
 537:             3             72  sun.management.ManagementFactoryHelper$1 (java.management@17.0.9)
 538:             3             72  sun.nio.fs.NativeBuffer$Deallocator (java.base@17.0.9)
 539:             3             72  sun.reflect.generics.scope.ClassScope (java.base@17.0.9)
 540:             3             72  sun.rmi.transport.ObjectEndpoint (java.rmi@17.0.9)
 541:             3             72  sun.security.util.LazyCodeSourcePermissionCollection (java.base@17.0.9)
 542:             2             64  [Ljava.lang.StackWalker$Option; (java.base@17.0.9)
 543:             2             64  [Ljava.lang.annotation.RetentionPolicy; (java.base@17.0.9)
 544:             1             64  [Ljava.lang.invoke.MethodHandleImpl$Intrinsic; (java.base@17.0.9)
 545:             2             64  [Ljava.nio.charset.CoderResult; (java.base@17.0.9)
 546:             2             64  [Ljava.util.stream.Collector$Characteristics; (java.base@17.0.9)
 547:             2             64  [Lsun.nio.fs.NativeBuffer; (java.base@17.0.9)
 548:             1             64  com.sun.jmx.remote.internal.ArrayNotificationBuffer (java.management@17.0.9)
 549:             2             64  com.sun.management.internal.GcInfoCompositeData (jdk.management@17.0.9)
 550:             2             64  java.io.ClassCache$1 (java.base@17.0.9)
 551:             2             64  java.io.FileOutputStream (java.base@17.0.9)
 552:             4             64  java.lang.ClassValue$Identity (java.base@17.0.9)
 553:             2             64  java.lang.StackWalker (java.base@17.0.9)
 554:             1             64  java.lang.invoke.BoundMethodHandle$Species_LLLLLLLLL (java.base@17.0.9)
 555:             2             64  java.lang.ref.ReferenceQueue$Null (java.base@17.0.9)
 556:             1             64  java.net.SocksSocketImpl (java.base@17.0.9)
 557:             2             64  java.security.MessageDigest$Delegate$CloneableDelegate (java.base@17.0.9)
 558:             4             64  java.security.SecureClassLoader$CodeSourceKey (java.base@17.0.9)
 559:             1             64  java.security.SecureRandom (java.base@17.0.9)
 560:             2             64  java.time.format.DateTimeFormatterBuilder$TextPrinterParser (java.base@17.0.9)
 561:             2             64  java.time.temporal.IsoFields$Unit (java.base@17.0.9)
 562:             2             64  java.util.HexFormat (java.base@17.0.9)
 563:             4             64  java.util.LinkedHashMap$LinkedKeySet (java.base@17.0.9)
 564:             2             64  java.util.PropertyPermission (java.base@17.0.9)
 565:             4             64  java.util.concurrent.ConcurrentHashMap$EntrySetView (java.base@17.0.9)
 566:             4             64  java.util.concurrent.ConcurrentHashMap$ValuesView (java.base@17.0.9)
 567:             2             64  java.util.concurrent.locks.AbstractQueuedSynchronizer$ConditionNode (java.base@17.0.9)
 568:             1             64  java.util.logging.LogManager$RootLogger (java.logging@17.0.9)
 569:             4             64  java.util.regex.Pattern$BitClass (java.base@17.0.9)
 570:             1             64  javax.management.remote.rmi.RMIConnectionImpl (java.management.rmi@17.0.9)
 571:             1             64  javax.management.remote.rmi.RMIConnectorServer (java.management.rmi@17.0.9)
 572:             1             64  javax.management.remote.rmi.RMIJRMPServerImpl (java.management.rmi@17.0.9)
 573:             4             64  jdk.internal.module.ServicesCatalog (java.base@17.0.9)
 574:             2             64  jdk.internal.reflect.UnsafeQualifiedObjectFieldAccessorImpl (java.base@17.0.9)
 575:             4             64  jdk.proxy1.$Proxy1 (jdk.proxy1)
 576:             4             64  sun.nio.ch.NioSocketImpl$1 (java.base@17.0.9)
 577:             2             64  sun.reflect.annotation.AnnotationType (java.base@17.0.9)
 578:             2             64  sun.rmi.server.UnicastServerRef2 (java.rmi@17.0.9)
 579:             2             64  sun.rmi.transport.tcp.TCPTransport (java.rmi@17.0.9)
 580:             1             56  [Ljava.lang.Runnable; (java.base@17.0.9)
 581:             1             56  [Ljava.nio.file.StandardOpenOption; (java.base@17.0.9)
 582:             1             56  [Lru.job4j.tracker.action.UserAction;
 583:             1             56  [[I (java.base@17.0.9)
 584:             1             56  com.sun.jmx.remote.internal.ServerNotifForwarder (java.management@17.0.9)
 585:             1             56  com.sun.management.GcInfo (jdk.management@17.0.9)
 586:             1             56  java.io.ObjectInputFilter$Config$Global (java.base@17.0.9)
 587:             1             56  java.lang.invoke.BoundMethodHandle$Specializer (java.base@17.0.9)
 588:             1             56  java.util.logging.LogManager (java.logging@17.0.9)
 589:             1             56  jdk.internal.org.objectweb.asm.Label (java.base@17.0.9)
 590:             3             48  [Ljava.lang.StackTraceElement; (java.base@17.0.9)
 591:             3             48  [Ljava.lang.annotation.Annotation; (java.base@17.0.9)
 592:             1             48  [Ljava.lang.management.MemoryPoolMXBean; (java.management@17.0.9)
 593:             1             48  [Ljava.math.RoundingMode; (java.base@17.0.9)
 594:             1             48  [Ljava.util.concurrent.TimeUnit; (java.base@17.0.9)
 595:             1             48  [Lsun.management.counter.Units; (java.management@17.0.9)
 596:             1             48  [[Ljava.lang.Object; (java.base@17.0.9)
 597:             2             48  com.sun.jmx.mbeanserver.ClassLoaderRepositorySupport$LoaderEntry (java.management@17.0.9)
 598:             1             48  com.sun.jmx.mbeanserver.DefaultMXBeanMappingFactory$Mappings (java.management@17.0.9)
 599:             1             48  com.sun.jmx.mbeanserver.MBeanIntrospector$MBeanInfoMap (java.management@17.0.9)
 600:             1             48  com.sun.jmx.mbeanserver.MBeanIntrospector$PerInterfaceMap (java.management@17.0.9)
 601:             2             48  com.sun.jmx.mbeanserver.WeakIdentityHashMap (java.management@17.0.9)
 602:             2             48  com.sun.jmx.remote.internal.ServerNotifForwarder$IdAndFilter (java.management@17.0.9)
 603:             2             48  com.sun.management.internal.GarbageCollectionNotifInfoCompositeData (jdk.management@17.0.9)
 604:             1             48  com.sun.management.internal.GcInfoBuilder (jdk.management@17.0.9)
 605:             1             48  java.io.BufferedReader (java.base@17.0.9)
 606:             2             48  java.io.File$PathStatus (java.base@17.0.9)
 607:             2             48  java.io.InputStreamReader (java.base@17.0.9)
 608:             1             48  java.lang.NullPointerException (java.base@17.0.9)
 609:             1             48  java.lang.invoke.BoundMethodHandle$Specializer$Factory (java.base@17.0.9)
 610:             2             48  java.lang.invoke.MethodHandles$Lookup$ClassOption (java.base@17.0.9)
 611:             2             48  java.lang.management.MemoryType (java.management@17.0.9)
 612:             2             48  java.lang.reflect.ReflectPermission (java.base@17.0.9)
 613:             3             48  java.nio.charset.CodingErrorAction (java.base@17.0.9)
 614:             2             48  java.rmi.dgc.Lease (java.rmi@17.0.9)
 615:             2             48  java.time.format.DateTimeFormatterBuilder$1 (java.base@17.0.9)
 616:             2             48  java.time.format.DateTimeFormatterBuilder$ZoneIdPrinterParser (java.base@17.0.9)
 617:             2             48  java.time.format.DateTimeTextProvider$LocaleStore (java.base@17.0.9)
 618:             2             48  java.util.Collections$UnmodifiableMap$UnmodifiableEntrySet$1 (java.base@17.0.9)
 619:             3             48  java.util.LinkedHashMap$LinkedValues (java.base@17.0.9)
 620:             3             48  java.util.Optional (java.base@17.0.9)
 621:             3             48  java.util.ResourceBundle$NoFallbackControl (java.base@17.0.9)
 622:             1             48  java.util.concurrent.ConcurrentSkipListMap (java.base@17.0.9)
 623:             1             48  java.util.concurrent.locks.ReentrantReadWriteLock$FairSync (java.base@17.0.9)
 624:             2             48  java.util.logging.Logger$LoggerBundle (java.logging@17.0.9)
 625:             2             48  java.util.logging.LoggingPermission (java.logging@17.0.9)
 626:             2             48  java.util.regex.Pattern$StartS (java.base@17.0.9)
 627:             2             48  javax.management.NotificationBroadcasterSupport (java.management@17.0.9)
 628:             1             48  javax.management.remote.rmi.RMIConnectionImpl$RMIServerCommunicatorAdmin (java.management.rmi@17.0.9)
 629:             1             48  jdk.internal.jimage.ImageHeader (java.base@17.0.9)
 630:             2             48  jdk.internal.misc.Signal (java.base@17.0.9)
 631:             2             48  jdk.internal.misc.Signal$NativeHandler (java.base@17.0.9)
 632:             3             48  jdk.internal.util.Preconditions$1 (java.base@17.0.9)
 633:             1             48  jdk.management.jfr.FlightRecorderMXBeanImpl (jdk.management.jfr@17.0.9)
 634:             3             48  sun.nio.ch.NioSocketImpl$2 (java.base@17.0.9)
 635:             1             48  sun.rmi.runtime.Log$InternalStreamHandler (java.rmi@17.0.9)
 636:             3             48  sun.rmi.transport.tcp.TCPTransport$ConnectionHandler$$Lambda$112/0x00000186480965e0 (java.rmi@17.0.9)
 637:             2             48  sun.security.jca.ProviderList (java.base@17.0.9)
 638:             2             48  sun.security.jca.ProviderList$3 (java.base@17.0.9)
 639:             1             48  sun.security.provider.MoreDrbgParameters (java.base@17.0.9)
 640:             1             48  sun.util.resources.TimeZoneNames (java.base@17.0.9)
 641:             1             48  sun.util.resources.TimeZoneNames_en (java.base@17.0.9)
 642:             1             48  sun.util.resources.cldr.TimeZoneNames (java.base@17.0.9)
 643:             1             48  sun.util.resources.cldr.TimeZoneNames_en (java.base@17.0.9)
 644:             2             40  [Lcom.sun.jmx.mbeanserver.ClassLoaderRepositorySupport$LoaderEntry; (java.management@17.0.9)
 645:             1             40  [Ljava.lang.Thread$State; (java.base@17.0.9)
 646:             1             40  [Ljava.lang.invoke.VarHandle$AccessType; (java.base@17.0.9)
 647:             2             40  [Ljava.net.URL; (java.base@17.0.9)
 648:             1             40  [Ljava.time.format.SignStyle; (java.base@17.0.9)
 649:             1             40  [Ljava.time.format.TextStyle; (java.base@17.0.9)
 650:             1             40  [Ljava.util.stream.StreamOpFlag; (java.base@17.0.9)
 651:             1             40  [Lsun.nio.fs.WindowsPathType; (java.base@17.0.9)
 652:             1             40  [Lsun.util.locale.provider.LocaleProviderAdapter$Type; (java.base@17.0.9)
 653:             1             40  [[Ljava.lang.invoke.LambdaForm$Name; (java.base@17.0.9)
 654:             1             40  com.sun.jmx.interceptor.DefaultMBeanServerInterceptor (java.management@17.0.9)
 655:             1             40  com.sun.jmx.mbeanserver.JmxMBeanServer (java.management@17.0.9)
 656:             1             40  com.sun.jmx.mbeanserver.MBeanServerDelegateImpl (java.management@17.0.9)
 657:             1             40  com.sun.management.internal.DiagnosticCommandImpl (jdk.management@17.0.9)
 658:             1             40  java.io.FilePermission (java.base@17.0.9)
 659:             1             40  java.lang.ArithmeticException (java.base@17.0.9)
 660:             1             40  java.lang.Exception (java.base@17.0.9)
 661:             1             40  java.lang.Package$VersionInfo (java.base@17.0.9)
 662:             1             40  java.lang.VirtualMachineError (java.base@17.0.9)
 663:             1             40  java.lang.invoke.VarHandleLongs$FieldInstanceReadWrite (java.base@17.0.9)
 664:             1             40  java.time.format.DateTimeFormatterBuilder (java.base@17.0.9)
 665:             1             40  java.time.format.DateTimeFormatterBuilder$FractionPrinterParser (java.base@17.0.9)
 666:             1             40  java.time.zone.ZoneRules (java.base@17.0.9)
 667:             1             40  java.util.HashMap$ValueIterator (java.base@17.0.9)
 668:             1             40  java.util.ResourceBundle$2 (java.base@17.0.9)
 669:             1             40  jdk.internal.event.SecurityProviderServiceEvent (java.base@17.0.9)
 670:             1             40  jdk.internal.loader.URLClassPath (java.base@17.0.9)
 671:             1             40  jdk.internal.ref.CleanerImpl$CleanerCleanable (java.base@17.0.9)
 672:             1             40  sun.management.MappedMXBeanType$CompositeDataMXBeanType (java.management@17.0.9)
 673:             1             40  sun.management.MappedMXBeanType$MapMXBeanType (java.management@17.0.9)
 674:             1             40  sun.nio.cs.StandardCharsets$Aliases (java.base@17.0.9)
 675:             1             40  sun.nio.cs.StandardCharsets$Cache (java.base@17.0.9)
 676:             1             40  sun.nio.cs.StandardCharsets$Classes (java.base@17.0.9)
 677:             1             40  sun.nio.cs.US_ASCII$Decoder (java.base@17.0.9)
 678:             1             40  sun.nio.cs.UTF_8$Decoder (java.base@17.0.9)
 679:             1             40  sun.text.resources.cldr.FormatData (java.base@17.0.9)
 680:             1             40  sun.text.resources.cldr.ext.FormatData_ru (jdk.localedata@17.0.9)
 681:             1             40  sun.util.locale.InternalLocaleBuilder (java.base@17.0.9)
 682:             1             40  sun.util.resources.Bundles$1 (java.base@17.0.9)
 683:             1             32  [Ljava.io.ObjectInputFilter$Status; (java.base@17.0.9)
 684:             1             32  [Ljava.lang.ThreadGroup; (java.base@17.0.9)
 685:             1             32  [Ljava.lang.invoke.VarHandle$VarHandleDesc$Kind; (java.base@17.0.9)
 686:             1             32  [Ljava.lang.management.MemoryManagerMXBean; (java.management@17.0.9)
 687:             1             32  [Ljava.lang.module.ModuleDescriptor$Modifier; (java.base@17.0.9)
 688:             1             32  [Ljava.lang.module.ModuleDescriptor$Requires$Modifier; (java.base@17.0.9)
 689:             1             32  [Ljava.net.Proxy$Type; (java.base@17.0.9)
 690:             1             32  [Ljava.net.StandardProtocolFamily; (java.base@17.0.9)
 691:             1             32  [Ljava.security.DrbgParameters$Capability; (java.base@17.0.9)
 692:             1             32  [Ljava.time.format.DateTimeFormatterBuilder$SettingsParser; (java.base@17.0.9)
 693:             1             32  [Ljava.time.format.ResolverStyle; (java.base@17.0.9)
 694:             1             32  [Ljava.time.temporal.IsoFields$Field; (java.base@17.0.9)
 695:             1             32  [Ljava.time.temporal.JulianFields$Field; (java.base@17.0.9)
 696:             2             32  [Ljava.util.regex.IntHashSet; (java.base@17.0.9)
 697:             1             32  [Ljava.util.regex.Pattern$Qtype; (java.base@17.0.9)
 698:             1             32  [Ljava.util.stream.StreamShape; (java.base@17.0.9)
 699:             1             32  [Ljdk.internal.logger.BootstrapLogger$LoggingBackend; (java.base@17.0.9)
 700:             1             32  [Ljdk.internal.module.ServicesCatalog; (java.base@17.0.9)
 701:             2             32  com.sun.jmx.mbeanserver.GetPropertyAction (java.management@17.0.9)
 702:             1             32  com.sun.jmx.mbeanserver.Repository (java.management@17.0.9)
 703:             1             32  com.sun.jmx.remote.internal.ArrayQueue (java.management@17.0.9)
 704:             1             32  com.sun.management.GarbageCollectionNotificationInfo (jdk.management@17.0.9)
 705:             1             32  java.io.FileInputStream (java.base@17.0.9)
 706:             1             32  java.io.WinNTFileSystem (java.base@17.0.9)
 707:             2             32  java.lang.Boolean (java.base@17.0.9)
 708:             1             32  java.lang.Module$ArchivedData (java.base@17.0.9)
 709:             2             32  java.lang.Shutdown$Lock (java.base@17.0.9)
 710:             1             32  java.lang.module.ModuleDescriptor$Version (java.base@17.0.9)
 711:             2             32  java.nio.ByteOrder (java.base@17.0.9)
 712:             2             32  java.time.format.DateTimeFormatterBuilder$StringLiteralPrinterParser (java.base@17.0.9)
 713:             1             32  java.util.ArrayList$Itr (java.base@17.0.9)
 714:             2             32  java.util.Collections$UnmodifiableMap$UnmodifiableEntrySet (java.base@17.0.9)
 715:             2             32  java.util.LinkedHashMap$LinkedEntrySet (java.base@17.0.9)
 716:             2             32  java.util.ResourceBundle$SingleFormatControl (java.base@17.0.9)
 717:             2             32  java.util.TreeSet (java.base@17.0.9)
 718:             1             32  java.util.concurrent.ScheduledThreadPoolExecutor$DelayedWorkQueue (java.base@17.0.9)
 719:             1             32  java.util.concurrent.SynchronousQueue (java.base@17.0.9)
 720:             1             32  java.util.concurrent.ThreadLocalRandom (java.base@17.0.9)
 721:             1             32  java.util.concurrent.atomic.LongAdder (java.base@17.0.9)
 722:             1             32  java.util.logging.LogManager$SystemLoggerContext (java.logging@17.0.9)
 723:             1             32  java.util.zip.ZipCoder$UTF8ZipCoder (java.base@17.0.9)
 724:             2             32  javax.management.NotificationFilterSupport (java.management@17.0.9)
 725:             1             32  javax.management.remote.JMXServiceURL (java.management@17.0.9)
 726:             1             32  jdk.internal.loader.ArchivedClassLoaders (java.base@17.0.9)
 727:             2             32  jdk.internal.module.ModuleResolution (java.base@17.0.9)
 728:             1             32  jdk.internal.org.objectweb.asm.ConstantDynamic (java.base@17.0.9)
 729:             1             32  jdk.internal.org.objectweb.asm.Handle (java.base@17.0.9)
 730:             1             32  jdk.management.jfr.FlightRecorderMXBeanImpl$MXBeanListener (jdk.management.jfr@17.0.9)
 731:             1             32  jdk.net.ExtendedSocketOptions$1 (jdk.net@17.0.9)
 732:             1             32  sun.instrument.InstrumentationImpl (java.instrument@17.0.9)
 733:             1             32  sun.management.MappedMXBeanType$InProgress (java.management@17.0.9)
 734:             1             32  sun.management.jmxremote.LocalRMIServerSocketFactory$1 (jdk.management.agent@17.0.9)
 735:             2             32  sun.rmi.server.UnicastRef2 (java.rmi@17.0.9)
 736:             1             32  sun.rmi.server.UnicastServerRef (java.rmi@17.0.9)
 737:             2             32  sun.rmi.server.WeakClassHashMap$ValueCell (java.rmi@17.0.9)
 738:             1             32  sun.rmi.transport.DGCImpl$LeaseInfo (java.rmi@17.0.9)
 739:             1             32  sun.rmi.transport.tcp.TCPTransport$AcceptLoop (java.rmi@17.0.9)
 740:             1             32  sun.security.util.KnownOIDs$1 (java.base@17.0.9)
 741:             1             32  sun.security.util.KnownOIDs$10 (java.base@17.0.9)
 742:             1             32  sun.security.util.KnownOIDs$2 (java.base@17.0.9)
 743:             1             32  sun.security.util.KnownOIDs$3 (java.base@17.0.9)
 744:             1             32  sun.security.util.KnownOIDs$4 (java.base@17.0.9)
 745:             1             32  sun.security.util.KnownOIDs$5 (java.base@17.0.9)
 746:             1             32  sun.security.util.KnownOIDs$6 (java.base@17.0.9)
 747:             1             32  sun.security.util.KnownOIDs$7 (java.base@17.0.9)
 748:             1             32  sun.security.util.KnownOIDs$8 (java.base@17.0.9)
 749:             1             32  sun.security.util.KnownOIDs$9 (java.base@17.0.9)
 750:             2             32  sun.util.resources.LocaleData (java.base@17.0.9)
 751:             1             24  [Ljava.io.File$PathStatus; (java.base@17.0.9)
 752:             1             24  [Ljava.lang.invoke.MethodHandles$Lookup$ClassOption; (java.base@17.0.9)
 753:             1             24  [Ljava.lang.management.MemoryType; (java.management@17.0.9)
 754:             1             24  [Ljava.net.InetSocketAddress; (java.base@17.0.9)
 755:             1             24  [Ljava.security.Permission; (java.base@17.0.9)
 756:             1             24  [Ljava.time.temporal.IsoFields$Unit; (java.base@17.0.9)
 757:             1             24  [Ljava.util.Locale$Category; (java.base@17.0.9)
 758:             1             24  [Ljava.util.jar.Manifest; (java.base@17.0.9)
 759:             1             24  com.sun.jmx.mbeanserver.ClassLoaderRepositorySupport (java.management@17.0.9)
 760:             1             24  com.sun.jmx.mbeanserver.MXBeanLookup (java.management@17.0.9)
 761:             1             24  com.sun.jmx.remote.internal.ArrayNotificationBuffer$ShareBuffer (java.management@17.0.9)
 762:             1             24  com.sun.management.internal.HotSpotThreadImpl (jdk.management@17.0.9)
 763:             1             24  com.sun.management.internal.OperatingSystemImpl (jdk.management@17.0.9)
 764:             1             24  com.sun.management.internal.PlatformMBeanProviderImpl$1 (jdk.management@17.0.9)
 765:             1             24  com.sun.management.internal.PlatformMBeanProviderImpl$2 (jdk.management@17.0.9)
 766:             1             24  com.sun.management.internal.PlatformMBeanProviderImpl$3 (jdk.management@17.0.9)
 767:             1             24  com.sun.management.internal.PlatformMBeanProviderImpl$4 (jdk.management@17.0.9)
 768:             1             24  com.sun.management.internal.PlatformMBeanProviderImpl$5 (jdk.management@17.0.9)
 769:             1             24  java.io.ObjectStreamClass$Caches$1 (java.base@17.0.9)
 770:             1             24  java.io.ObjectStreamClass$Caches$2 (java.base@17.0.9)
 771:             1             24  java.lang.Double (java.base@17.0.9)
 772:             1             24  java.lang.invoke.MethodType$ConcurrentWeakInternSet (java.base@17.0.9)
 773:             1             24  java.lang.invoke.VarHandle$TypesAndInvokers (java.base@17.0.9)
 774:             1             24  java.lang.invoke.VarHandleByteArrayAsInts$ArrayHandle (java.base@17.0.9)
 775:             1             24  java.lang.invoke.VarHandleByteArrayAsLongs$ArrayHandle (java.base@17.0.9)
 776:             1             24  java.lang.invoke.VarHandles$1 (java.base@17.0.9)
 777:             1             24  java.lang.management.DefaultPlatformMBeanProvider$1 (java.management@17.0.9)
 778:             1             24  java.lang.management.DefaultPlatformMBeanProvider$10 (java.management@17.0.9)
 779:             1             24  java.lang.management.DefaultPlatformMBeanProvider$11 (java.management@17.0.9)
 780:             1             24  java.lang.management.DefaultPlatformMBeanProvider$2 (java.management@17.0.9)
 781:             1             24  java.lang.management.DefaultPlatformMBeanProvider$3 (java.management@17.0.9)
 782:             1             24  java.lang.management.DefaultPlatformMBeanProvider$4 (java.management@17.0.9)
 783:             1             24  java.lang.management.DefaultPlatformMBeanProvider$5 (java.management@17.0.9)
 784:             1             24  java.lang.management.DefaultPlatformMBeanProvider$6 (java.management@17.0.9)
 785:             1             24  java.lang.management.DefaultPlatformMBeanProvider$7 (java.management@17.0.9)
 786:             1             24  java.lang.management.DefaultPlatformMBeanProvider$8 (java.management@17.0.9)
 787:             1             24  java.lang.management.DefaultPlatformMBeanProvider$9 (java.management@17.0.9)
 788:             1             24  java.lang.reflect.Proxy$1 (java.base@17.0.9)
 789:             1             24  java.net.Inet6AddressImpl (java.base@17.0.9)
 790:             1             24  java.net.Proxy (java.base@17.0.9)
 791:             1             24  java.net.SocketPermissionCollection (java.base@17.0.9)
 792:             1             24  java.time.ZoneRegion (java.base@17.0.9)
 793:             1             24  java.time.format.DecimalStyle (java.base@17.0.9)
 794:             1             24  java.time.temporal.IsoFields$Field$1 (java.base@17.0.9)
 795:             1             24  java.time.temporal.IsoFields$Field$2 (java.base@17.0.9)
 796:             1             24  java.time.temporal.IsoFields$Field$3 (java.base@17.0.9)
 797:             1             24  java.time.temporal.IsoFields$Field$4 (java.base@17.0.9)
 798:             1             24  java.time.zone.TzdbZoneRulesProvider (java.base@17.0.9)
 799:             1             24  java.util.Collections$EmptyMap (java.base@17.0.9)
 800:             1             24  java.util.Collections$SynchronizedCollection (java.base@17.0.9)
 801:             1             24  java.util.Locale$Cache (java.base@17.0.9)
 802:             1             24  java.util.OptionalInt (java.base@17.0.9)
 803:             1             24  java.util.ResourceBundle$Control$CandidateListCache (java.base@17.0.9)
 804:             1             24  java.util.Scanner$PatternLRUCache (java.base@17.0.9)
 805:             1             24  java.util.concurrent.Executors$RunnableAdapter (java.base@17.0.9)
 806:             1             24  java.util.concurrent.locks.ReentrantReadWriteLock (java.base@17.0.9)
 807:             1             24  java.util.jar.Manifest (java.base@17.0.9)
 808:             1             24  java.util.logging.LogManager$LoggerContext (java.logging@17.0.9)
 809:             1             24  java.util.regex.Pattern$CharPredicate$$Lambda$21/0x000001864804bc60 (java.base@17.0.9)
 810:             1             24  java.util.regex.Pattern$CharProperty (java.base@17.0.9)
 811:             1             24  java.util.regex.Pattern$Dollar (java.base@17.0.9)
 812:             1             24  java.util.regex.Pattern$Slice (java.base@17.0.9)
 813:             1             24  jdk.internal.jimage.ImageReader (java.base@17.0.9)
 814:             1             24  jdk.internal.loader.URLClassPath$FileLoader (java.base@17.0.9)
 815:             1             24  jdk.internal.logger.BootstrapLogger$RedirectedLoggers (java.base@17.0.9)
 816:             1             24  jdk.internal.module.ModuleBootstrap$SafeModuleFinder (java.base@17.0.9)
 817:             1             24  jdk.internal.module.ModuleHashes (java.base@17.0.9)
 818:             1             24  jdk.internal.ref.CleanerImpl (java.base@17.0.9)
 819:             1             24  jdk.jfr.FlightRecorderPermission (jdk.jfr@17.0.9)
 820:             1             24  jdk.jfr.internal.SecuritySupport$SecureRecorderListener (jdk.jfr@17.0.9)
 821:             1             24  jdk.jfr.internal.management.StreamManager (jdk.jfr@17.0.9)
 822:             1             24  jdk.management.jfr.internal.FlightRecorderMXBeanProvider$SingleMBeanComponent (jdk.management.jfr@17.0.9)
 823:             1             24  ru.job4j.tracker.MemTracker
 824:             1             24  ru.job4j.tracker.input.Validate
 825:             1             24  sun.instrument.TransformerManager (java.instrument@17.0.9)
 826:             1             24  sun.management.CompilationImpl (java.management@17.0.9)
 827:             1             24  sun.management.ManagementFactoryHelper$LoggingMXBeanAccess (java.management@17.0.9)
 828:             1             24  sun.management.ManagementFactoryHelper$PlatformLoggingImpl (java.management@17.0.9)
 829:             1             24  sun.management.MemoryImpl (java.management@17.0.9)
 830:             1             24  sun.management.RuntimeImpl (java.management@17.0.9)
 831:             1             24  sun.management.VMManagementImpl (java.management@17.0.9)
 832:             1             24  sun.nio.cs.ISO_8859_1 (java.base@17.0.9)
 833:             1             24  sun.nio.cs.MS1251 (java.base@17.0.9)
 834:             1             24  sun.nio.cs.StandardCharsets (java.base@17.0.9)
 835:             1             24  sun.nio.cs.US_ASCII (java.base@17.0.9)
 836:             1             24  sun.nio.cs.UTF_16 (java.base@17.0.9)
 837:             1             24  sun.nio.cs.UTF_16BE (java.base@17.0.9)
 838:             1             24  sun.nio.cs.UTF_16LE (java.base@17.0.9)
 839:             1             24  sun.nio.cs.UTF_8 (java.base@17.0.9)
 840:             1             24  sun.nio.fs.WindowsFileSystem (java.base@17.0.9)
 841:             1             24  sun.reflect.generics.tree.Wildcard (java.base@17.0.9)
 842:             1             24  sun.rmi.runtime.RuntimeUtil$1 (java.rmi@17.0.9)
 843:             1             24  sun.rmi.server.UnicastServerRef$$Lambda$120/0x000001864809c098 (java.rmi@17.0.9)
 844:             1             24  sun.rmi.transport.DGCImpl (java.rmi@17.0.9)
 845:             1             24  sun.rmi.transport.SequenceEntry (java.rmi@17.0.9)
 846:             1             24  sun.security.provider.DRBG (java.base@17.0.9)
 847:             1             24  sun.util.cldr.CLDRTimeZoneNameProviderImpl (java.base@17.0.9)
 848:             1             24  sun.util.locale.BaseLocale$Cache (java.base@17.0.9)
 849:             1             24  sun.util.locale.provider.DecimalFormatSymbolsProviderImpl (java.base@17.0.9)
 850:             1             24  sun.util.locale.provider.LocaleServiceProviderPool (java.base@17.0.9)
 851:             1             24  sun.util.locale.provider.NumberFormatProviderImpl (java.base@17.0.9)
 852:             1             24  sun.util.locale.provider.TimeZoneNameProviderImpl (java.base@17.0.9)
 853:             1             16  [Ljava.lang.Throwable; (java.base@17.0.9)
 854:             1             16  [Ljava.lang.constant.Constable; (java.base@17.0.9)
 855:             1             16  [Ljava.lang.management.LockInfo; (java.management@17.0.9)
 856:             1             16  [Ljava.lang.management.MonitorInfo; (java.management@17.0.9)
 857:             1             16  [Ljava.nio.file.attribute.FileAttribute; (java.base@17.0.9)
 858:             1             16  [Ljava.rmi.server.ObjID; (java.rmi@17.0.9)
 859:             1             16  [Ljava.security.Provider; (java.base@17.0.9)
 860:             1             16  [Ljava.security.cert.Certificate; (java.base@17.0.9)
 861:             1             16  [Ljava.text.FieldPosition; (java.base@17.0.9)
 862:             1             16  [Ljava.time.zone.ZoneOffsetTransitionRule; (java.base@17.0.9)
 863:             1             16  [Ljava.util.logging.Handler; (java.logging@17.0.9)
 864:             1             16  [Lsun.instrument.TransformerManager$TransformerInfo; (java.instrument@17.0.9)
 865:             1             16  com.sun.jmx.interceptor.DefaultMBeanServerInterceptor$ResourceContext$1 (java.management@17.0.9)
 866:             1             16  com.sun.jmx.mbeanserver.DefaultMXBeanMappingFactory (java.management@17.0.9)
 867:             1             16  com.sun.jmx.mbeanserver.DescriptorCache (java.management@17.0.9)
 868:             1             16  com.sun.jmx.mbeanserver.MBeanAnalyzer$MethodOrder (java.management@17.0.9)
 869:             1             16  com.sun.jmx.mbeanserver.MBeanInstantiator (java.management@17.0.9)
 870:             1             16  com.sun.jmx.mbeanserver.MXBeanIntrospector (java.management@17.0.9)
 871:             1             16  com.sun.jmx.mbeanserver.SecureClassLoaderRepository (java.management@17.0.9)
 872:             1             16  com.sun.jmx.remote.internal.ArrayNotificationBuffer$5 (java.management@17.0.9)
 873:             1             16  com.sun.jmx.remote.internal.ArrayNotificationBuffer$BroadcasterQuery (java.management@17.0.9)
 874:             1             16  com.sun.jmx.remote.internal.ArrayNotificationBuffer$BufferListener (java.management@17.0.9)
 875:             1             16  com.sun.jmx.remote.internal.ServerCommunicatorAdmin$Timeout (java.management@17.0.9)
 876:             1             16  com.sun.jmx.remote.internal.ServerNotifForwarder$NotifForwarderBufferFilter (java.management@17.0.9)
 877:             1             16  com.sun.jmx.remote.security.SubjectDelegator (java.management@17.0.9)
 878:             1             16  com.sun.management.internal.GarbageCollectionNotifInfoCompositeData$1 (jdk.management@17.0.9)
 879:             1             16  com.sun.management.internal.GcInfoCompositeData$1 (jdk.management@17.0.9)
 880:             1             16  com.sun.management.internal.GcInfoCompositeData$2 (jdk.management@17.0.9)
 881:             1             16  com.sun.management.internal.HotSpotDiagnostic (jdk.management@17.0.9)
 882:             1             16  com.sun.management.internal.PlatformMBeanProviderImpl (jdk.management@17.0.9)
 883:             1             16  com.sun.management.internal.PlatformMBeanProviderImpl$$Lambda$38/0x0000018648066ad8 (jdk.management@17.0.9)
 884:             1             16  java.io.FileDescriptor$1 (java.base@17.0.9)
 885:             1             16  java.io.FilePermission$1 (java.base@17.0.9)
 886:             1             16  java.io.ObjectInputFilter$Config$$Lambda$79/0x000001864803d880 (java.base@17.0.9)
 887:             1             16  java.io.ObjectInputFilter$Config$$Lambda$80/0x000001864803da98 (java.base@17.0.9)
 888:             1             16  java.io.ObjectInputFilter$Config$$Lambda$81/0x000001864803e0e8 (java.base@17.0.9)
 889:             1             16  java.io.ObjectInputFilter$Config$BuiltinFilterFactory (java.base@17.0.9)
 890:             1             16  java.io.ObjectInputFilter$Config$Global$$Lambda$82/0x000001864803e760 (java.base@17.0.9)
 891:             1             16  java.io.ObjectInputFilter$Config$Global$$Lambda$83/0x000001864803e9a0 (java.base@17.0.9)
 892:             1             16  java.io.ObjectInputStream$$Lambda$116/0x0000018648099c78 (java.base@17.0.9)
 893:             1             16  java.io.ObjectInputStream$$Lambda$117/0x000001864809a468 (java.base@17.0.9)
 894:             1             16  java.io.RandomAccessFile$2 (java.base@17.0.9)
 895:             1             16  java.lang.ApplicationShutdownHooks$1 (java.base@17.0.9)
 896:             1             16  java.lang.CharacterData00 (java.base@17.0.9)
 897:             1             16  java.lang.CharacterDataLatin1 (java.base@17.0.9)
 898:             1             16  java.lang.Class$$Lambda$72/0x00000186480398c0 (java.base@17.0.9)
 899:             1             16  java.lang.Float (java.base@17.0.9)
 900:             1             16  java.lang.InheritableThreadLocal (java.base@17.0.9)
 901:             1             16  java.lang.Module$$Lambda$46/0x0000018648021630 (java.base@17.0.9)
 902:             1             16  java.lang.Runtime (java.base@17.0.9)
 903:             1             16  java.lang.String$CaseInsensitiveComparator (java.base@17.0.9)
 904:             1             16  java.lang.System$2 (java.base@17.0.9)
 905:             1             16  java.lang.System$LoggerFinder$$Lambda$61/0x0000018648028f70 (java.base@17.0.9)
 906:             1             16  java.lang.Terminator$1 (java.base@17.0.9)
 907:             1             16  java.lang.invoke.ClassSpecializer$1 (java.base@17.0.9)
 908:             1             16  java.lang.invoke.MemberName$Factory (java.base@17.0.9)
 909:             1             16  java.lang.invoke.MethodHandleImpl$1 (java.base@17.0.9)
 910:             1             16  java.lang.invoke.StringConcatFactory$1 (java.base@17.0.9)
 911:             1             16  java.lang.invoke.StringConcatFactory$2 (java.base@17.0.9)
 912:             1             16  java.lang.invoke.StringConcatFactory$3 (java.base@17.0.9)
 913:             1             16  java.lang.invoke.VarHandle$1 (java.base@17.0.9)
 914:             1             16  java.lang.invoke.VarHandleByteArrayAsInts$ArrayHandle$$Lambda$94/0x000001864801f760 (java.base@17.0.9)
 915:             1             16  java.lang.invoke.VarHandleByteArrayAsLongs$ArrayHandle$$Lambda$95/0x000001864800f200 (java.base@17.0.9)
 916:             1             16  java.lang.management.DefaultPlatformMBeanProvider (java.management@17.0.9)
 917:             1             16  java.lang.management.DefaultPlatformMBeanProvider$5$$Lambda$52/0x0000018648024f70 (java.management@17.0.9)
 918:             1             16  java.lang.management.ManagementFactory$$Lambda$37/0x000001864805a708 (java.management@17.0.9)
 919:             1             16  java.lang.management.ManagementFactory$$Lambda$39/0x000001864806bdc0 (java.management@17.0.9)
 920:             1             16  java.lang.management.ManagementFactory$$Lambda$40/0x000001864806c008 (java.management@17.0.9)
 921:             1             16  java.lang.management.ManagementFactory$$Lambda$41/0x000001864806c240 (java.management@17.0.9)
 922:             1             16  java.lang.module.ModuleDescriptor$1 (java.base@17.0.9)
 923:             1             16  java.lang.module.ModuleDescriptor$Builder$$Lambda$34/0x80000003a (java.base@17.0.9)
 924:             1             16  java.lang.ref.Cleaner (java.base@17.0.9)
 925:             1             16  java.lang.ref.Cleaner$1 (java.base@17.0.9)
 926:             1             16  java.lang.ref.Reference$1 (java.base@17.0.9)
 927:             1             16  java.lang.reflect.Proxy$$Lambda$43/0x00000186480208c8 (java.base@17.0.9)
 928:             1             16  java.lang.reflect.Proxy$ProxyBuilder$$Lambda$44/0x0000018648020cf8 (java.base@17.0.9)
 929:             1             16  java.lang.reflect.ProxyGenerator$$Lambda$49/0x00000186480221d0 (java.base@17.0.9)
 930:             1             16  java.lang.reflect.ProxyGenerator$$Lambda$50/0x0000018648022408 (java.base@17.0.9)
 931:             1             16  java.lang.reflect.ReflectAccess (java.base@17.0.9)
 932:             1             16  java.net.InetAddress$1 (java.base@17.0.9)
 933:             1             16  java.net.InetAddress$PlatformNameService (java.base@17.0.9)
 934:             1             16  java.net.SocketImpl$$Lambda$14/0x00000186480456c0 (java.base@17.0.9)
 935:             1             16  java.net.URI$1 (java.base@17.0.9)
 936:             1             16  java.net.URL$3 (java.base@17.0.9)
 937:             1             16  java.net.URL$DefaultFactory (java.base@17.0.9)
 938:             1             16  java.nio.Bits$1 (java.base@17.0.9)
 939:             1             16  java.nio.Buffer$1 (java.base@17.0.9)
 940:             1             16  java.nio.file.Files$AcceptAllFilter (java.base@17.0.9)
 941:             1             16  java.rmi.server.ObjID$$Lambda$97/0x0000018648083f48 (java.rmi@17.0.9)
 942:             1             16  java.rmi.server.RMIClassLoader$2 (java.rmi@17.0.9)
 943:             1             16  java.security.AllPermission (java.base@17.0.9)
 944:             1             16  java.security.AllPermissionCollection (java.base@17.0.9)
 945:             1             16  java.security.ProtectionDomain$JavaSecurityAccessImpl (java.base@17.0.9)
 946:             1             16  java.security.Security$2 (java.base@17.0.9)
 947:             1             16  java.text.DecimalFormatSymbols$$Lambda$59/0x800000061 (java.base@17.0.9)
 948:             1             16  java.time.Clock$SystemClock (java.base@17.0.9)
 949:             1             16  java.time.chrono.IsoChronology (java.base@17.0.9)
 950:             1             16  java.time.format.DateTimeFormatter$$Lambda$49/0x800000057 (java.base@17.0.9)
 951:             1             16  java.time.format.DateTimeFormatter$$Lambda$50/0x800000058 (java.base@17.0.9)
 952:             1             16  java.time.format.DateTimeFormatterBuilder$$Lambda$48/0x800000056 (java.base@17.0.9)
 953:             1             16  java.time.format.DateTimeFormatterBuilder$InstantPrinterParser (java.base@17.0.9)
 954:             1             16  java.time.format.DateTimeTextProvider (java.base@17.0.9)
 955:             1             16  java.time.format.DateTimeTextProvider$1 (java.base@17.0.9)
 956:             1             16  java.util.Collections$EmptyEnumeration (java.base@17.0.9)
 957:             1             16  java.util.Collections$EmptyIterator (java.base@17.0.9)
 958:             1             16  java.util.Collections$EmptyList (java.base@17.0.9)
 959:             1             16  java.util.Collections$EmptySet (java.base@17.0.9)
 960:             1             16  java.util.EnumMap$1 (java.base@17.0.9)
 961:             1             16  java.util.IdentityHashMap$Values (java.base@17.0.9)
 962:             1             16  java.util.ImmutableCollections$Access$1 (java.base@17.0.9)
 963:             1             16  java.util.LinkedHashSet (java.base@17.0.9)
 964:             1             16  java.util.Locale$Builder (java.base@17.0.9)
 965:             1             16  java.util.ResourceBundle$1 (java.base@17.0.9)
 966:             1             16  java.util.ResourceBundle$Control (java.base@17.0.9)
 967:             1             16  java.util.Spliterators$EmptySpliterator$OfDouble (java.base@17.0.9)
 968:             1             16  java.util.Spliterators$EmptySpliterator$OfInt (java.base@17.0.9)
 969:             1             16  java.util.Spliterators$EmptySpliterator$OfLong (java.base@17.0.9)
 970:             1             16  java.util.Spliterators$EmptySpliterator$OfRef (java.base@17.0.9)
 971:             1             16  java.util.concurrent.ConcurrentSkipListMap$KeySet (java.base@17.0.9)
 972:             1             16  java.util.concurrent.ConcurrentSkipListSet (java.base@17.0.9)
 973:             1             16  java.util.concurrent.SynchronousQueue$TransferStack (java.base@17.0.9)
 974:             1             16  java.util.concurrent.ThreadPoolExecutor$AbortPolicy (java.base@17.0.9)
 975:             1             16  java.util.concurrent.atomic.AtomicBoolean (java.base@17.0.9)
 976:             1             16  java.util.concurrent.locks.ReentrantReadWriteLock$ReadLock (java.base@17.0.9)
 977:             1             16  java.util.concurrent.locks.ReentrantReadWriteLock$Sync$ThreadLocalHoldCounter (java.base@17.0.9)
 978:             1             16  java.util.concurrent.locks.ReentrantReadWriteLock$WriteLock (java.base@17.0.9)
 979:             1             16  java.util.function.Function$$Lambda$53/0x00000186480251a8 (java.base@17.0.9)
 980:             1             16  java.util.jar.Attributes (java.base@17.0.9)
 981:             1             16  java.util.jar.JavaUtilJarAccessImpl (java.base@17.0.9)
 982:             1             16  java.util.logging.ErrorManager (java.logging@17.0.9)
 983:             1             16  java.util.logging.Level$$Lambda$41/0x80000004f (java.logging@17.0.9)
 984:             1             16  java.util.logging.Level$KnownLevel$$Lambda$39/0x80000004d (java.logging@17.0.9)
 985:             1             16  java.util.logging.Level$KnownLevel$$Lambda$40/0x80000004e (java.logging@17.0.9)
 986:             1             16  java.util.logging.Level$KnownLevel$$Lambda$42/0x800000050 (java.logging@17.0.9)
 987:             1             16  java.util.logging.LogManager$LoggingProviderAccess (java.logging@17.0.9)
 988:             1             16  java.util.logging.LogManager$VisitedLoggers (java.logging@17.0.9)
 989:             1             16  java.util.logging.Logging (java.logging@17.0.9)
 990:             1             16  java.util.logging.SimpleFormatter (java.logging@17.0.9)
 991:             1             16  java.util.logging.SimpleFormatter$$Lambda$86/0x0000018648011e10 (java.logging@17.0.9)
 992:             1             16  java.util.regex.CharPredicates$$Lambda$15/0x00000186480490b0 (java.base@17.0.9)
 993:             1             16  java.util.regex.CharPredicates$$Lambda$17/0x0000018648049d88 (java.base@17.0.9)
 994:             1             16  java.util.regex.CharPredicates$$Lambda$20/0x800000029 (java.base@17.0.9)
 995:             1             16  java.util.regex.Pattern$$Lambda$16/0x0000018648049b30 (java.base@17.0.9)
 996:             1             16  java.util.regex.Pattern$$Lambda$31/0x00000186480504b8 (java.base@17.0.9)
 997:             1             16  java.util.regex.Pattern$CharPredicate$$Lambda$23/0x80000002d (java.base@17.0.9)
 998:             1             16  java.util.regex.Pattern$LastNode (java.base@17.0.9)
 999:             1             16  java.util.regex.Pattern$Node (java.base@17.0.9)
1000:             1             16  java.util.stream.Collectors$$Lambda$44/0x800000052 (java.base@17.0.9)
1001:             1             16  java.util.stream.Collectors$$Lambda$45/0x800000053 (java.base@17.0.9)
1002:             1             16  java.util.stream.Collectors$$Lambda$46/0x800000054 (java.base@17.0.9)
1003:             1             16  java.util.stream.Collectors$$Lambda$5/0x800000010 (java.base@17.0.9)
1004:             1             16  java.util.stream.Collectors$$Lambda$54/0x00000186480253e0 (java.base@17.0.9)
1005:             1             16  java.util.stream.Collectors$$Lambda$56/0x0000018648025828 (java.base@17.0.9)
1006:             1             16  java.util.stream.Collectors$$Lambda$6/0x800000011 (java.base@17.0.9)
1007:             1             16  java.util.stream.Collectors$$Lambda$68/0x0000018648035bd0 (java.base@17.0.9)
1008:             1             16  java.util.stream.Collectors$$Lambda$69/0x0000018648035de8 (java.base@17.0.9)
1009:             1             16  java.util.stream.Collectors$$Lambda$7/0x800000016 (java.base@17.0.9)
1010:             1             16  java.util.stream.Collectors$$Lambda$70/0x0000018648036010 (java.base@17.0.9)
1011:             1             16  java.util.stream.Collectors$$Lambda$8/0x800000017 (java.base@17.0.9)
1012:             1             16  java.util.stream.FindOps$FindSink$OfInt$$Lambda$60/0x800000062 (java.base@17.0.9)
1013:             1             16  java.util.stream.FindOps$FindSink$OfInt$$Lambda$61/0x800000063 (java.base@17.0.9)
1014:             1             16  java.util.stream.FindOps$FindSink$OfInt$$Lambda$62/0x800000064 (java.base@17.0.9)
1015:             1             16  java.util.stream.FindOps$FindSink$OfInt$$Lambda$63/0x800000065 (java.base@17.0.9)
1016:             1             16  java.util.stream.FindOps$FindSink$OfRef$$Lambda$11/0x80000001a (java.base@17.0.9)
1017:             1             16  java.util.stream.FindOps$FindSink$OfRef$$Lambda$12/0x80000001b (java.base@17.0.9)
1018:             1             16  java.util.stream.FindOps$FindSink$OfRef$$Lambda$13/0x80000001c (java.base@17.0.9)
1019:             1             16  java.util.stream.FindOps$FindSink$OfRef$$Lambda$14/0x80000001d (java.base@17.0.9)
1020:             1             16  java.util.stream.Nodes$EmptyNode$OfDouble (java.base@17.0.9)
1021:             1             16  java.util.stream.Nodes$EmptyNode$OfInt (java.base@17.0.9)
1022:             1             16  java.util.stream.Nodes$EmptyNode$OfLong (java.base@17.0.9)
1023:             1             16  java.util.stream.Nodes$EmptyNode$OfRef (java.base@17.0.9)
1024:             1             16  java.util.stream.ReferencePipeline$$Lambda$133/0x00000186480b8b28 (java.base@17.0.9)
1025:             1             16  java.util.zip.ZipFile$1 (java.base@17.0.9)
1026:             1             16  javax.management.JMX (java.management@17.0.9)
1027:             1             16  javax.management.MBeanServerBuilder (java.management@17.0.9)
1028:             1             16  javax.management.NotificationBroadcasterSupport$1 (java.management@17.0.9)
1029:             1             16  javax.management.remote.JMXConnectorServerFactory$$Lambda$77/0x000001864803ae30 (java.management@17.0.9)
1030:             1             16  javax.management.remote.rmi.RMIConnectionImpl_Stub (java.management.rmi@17.0.9)
1031:             1             16  javax.management.remote.rmi.RMIServerImpl_Stub (java.management.rmi@17.0.9)
1032:             1             16  jdk.internal.jimage.ImageReaderFactory$1 (java.base@17.0.9)
1033:             1             16  jdk.internal.jimage.ImageStringsReader (java.base@17.0.9)
1034:             1             16  jdk.internal.jimage.decompressor.Decompressor (java.base@17.0.9)
1035:             1             16  jdk.internal.logger.LazyLoggers$1 (java.base@17.0.9)
1036:             1             16  jdk.internal.logger.LazyLoggers$LazyLoggerFactories (java.base@17.0.9)
1037:             1             16  jdk.internal.math.FloatingDecimal$1 (java.base@17.0.9)
1038:             1             16  jdk.internal.misc.ScopedMemoryAccess (java.base@17.0.9)
1039:             1             16  jdk.internal.misc.TerminatingThreadLocal$1 (java.base@17.0.9)
1040:             1             16  jdk.internal.misc.Unsafe (java.base@17.0.9)
1041:             1             16  jdk.internal.module.DefaultRoots$$Lambda$1/0x800000002 (java.base@17.0.9)
1042:             1             16  jdk.internal.module.DefaultRoots$$Lambda$16/0x80000001f (java.base@17.0.9)
1043:             1             16  jdk.internal.module.DefaultRoots$$Lambda$2/0x800000004 (java.base@17.0.9)
1044:             1             16  jdk.internal.module.DefaultRoots$$Lambda$4/0x800000007 (java.base@17.0.9)
1045:             1             16  jdk.internal.module.ModulePatcher (java.base@17.0.9)
1046:             1             16  jdk.internal.module.ModuleTarget (java.base@17.0.9)
1047:             1             16  jdk.internal.perf.Perf (java.base@17.0.9)
1048:             1             16  jdk.internal.reflect.GeneratedConstructorAccessor1 (java.base@17.0.9)
1049:             1             16  jdk.internal.reflect.GeneratedConstructorAccessor2 (java.base@17.0.9)
1050:             1             16  jdk.internal.reflect.GeneratedMethodAccessor1 (java.base@17.0.9)
1051:             1             16  jdk.internal.reflect.GeneratedMethodAccessor10 (java.base@17.0.9)
1052:             1             16  jdk.internal.reflect.GeneratedMethodAccessor11 (java.base@17.0.9)
1053:             1             16  jdk.internal.reflect.GeneratedMethodAccessor12 (java.base@17.0.9)
1054:             1             16  jdk.internal.reflect.GeneratedMethodAccessor13 (java.base@17.0.9)
1055:             1             16  jdk.internal.reflect.GeneratedMethodAccessor14 (java.base@17.0.9)
1056:             1             16  jdk.internal.reflect.GeneratedMethodAccessor15 (java.base@17.0.9)
1057:             1             16  jdk.internal.reflect.GeneratedMethodAccessor16 (java.base@17.0.9)
1058:             1             16  jdk.internal.reflect.GeneratedMethodAccessor17 (java.base@17.0.9)
1059:             1             16  jdk.internal.reflect.GeneratedMethodAccessor18 (java.base@17.0.9)
1060:             1             16  jdk.internal.reflect.GeneratedMethodAccessor19 (java.base@17.0.9)
1061:             1             16  jdk.internal.reflect.GeneratedMethodAccessor2 (java.base@17.0.9)
1062:             1             16  jdk.internal.reflect.GeneratedMethodAccessor20 (java.base@17.0.9)
1063:             1             16  jdk.internal.reflect.GeneratedMethodAccessor21 (java.base@17.0.9)
1064:             1             16  jdk.internal.reflect.GeneratedMethodAccessor22 (java.base@17.0.9)
1065:             1             16  jdk.internal.reflect.GeneratedMethodAccessor23 (java.base@17.0.9)
1066:             1             16  jdk.internal.reflect.GeneratedMethodAccessor24 (java.base@17.0.9)
1067:             1             16  jdk.internal.reflect.GeneratedMethodAccessor25 (java.base@17.0.9)
1068:             1             16  jdk.internal.reflect.GeneratedMethodAccessor26 (java.base@17.0.9)
1069:             1             16  jdk.internal.reflect.GeneratedMethodAccessor27 (java.base@17.0.9)
1070:             1             16  jdk.internal.reflect.GeneratedMethodAccessor28 (java.base@17.0.9)
1071:             1             16  jdk.internal.reflect.GeneratedMethodAccessor29 (java.base@17.0.9)
1072:             1             16  jdk.internal.reflect.GeneratedMethodAccessor3 (java.base@17.0.9)
1073:             1             16  jdk.internal.reflect.GeneratedMethodAccessor30 (java.base@17.0.9)
1074:             1             16  jdk.internal.reflect.GeneratedMethodAccessor31 (java.base@17.0.9)
1075:             1             16  jdk.internal.reflect.GeneratedMethodAccessor32 (java.base@17.0.9)
1076:             1             16  jdk.internal.reflect.GeneratedMethodAccessor33 (java.base@17.0.9)
1077:             1             16  jdk.internal.reflect.GeneratedMethodAccessor34 (java.base@17.0.9)
1078:             1             16  jdk.internal.reflect.GeneratedMethodAccessor35 (java.base@17.0.9)
1079:             1             16  jdk.internal.reflect.GeneratedMethodAccessor36 (java.base@17.0.9)
1080:             1             16  jdk.internal.reflect.GeneratedMethodAccessor37 (java.base@17.0.9)
1081:             1             16  jdk.internal.reflect.GeneratedMethodAccessor38 (java.base@17.0.9)
1082:             1             16  jdk.internal.reflect.GeneratedMethodAccessor39 (java.base@17.0.9)
1083:             1             16  jdk.internal.reflect.GeneratedMethodAccessor4
1084:             1             16  jdk.internal.reflect.GeneratedMethodAccessor40 (java.base@17.0.9)
1085:             1             16  jdk.internal.reflect.GeneratedMethodAccessor41 (java.base@17.0.9)
1086:             1             16  jdk.internal.reflect.GeneratedMethodAccessor42 (java.base@17.0.9)
1087:             1             16  jdk.internal.reflect.GeneratedMethodAccessor43 (java.base@17.0.9)
1088:             1             16  jdk.internal.reflect.GeneratedMethodAccessor44 (java.base@17.0.9)
1089:             1             16  jdk.internal.reflect.GeneratedMethodAccessor45 (java.base@17.0.9)
1090:             1             16  jdk.internal.reflect.GeneratedMethodAccessor46 (java.base@17.0.9)
1091:             1             16  jdk.internal.reflect.GeneratedMethodAccessor47 (java.base@17.0.9)
1092:             1             16  jdk.internal.reflect.GeneratedMethodAccessor48 (java.base@17.0.9)
1093:             1             16  jdk.internal.reflect.GeneratedMethodAccessor49 (java.base@17.0.9)
1094:             1             16  jdk.internal.reflect.GeneratedMethodAccessor5 (java.base@17.0.9)
1095:             1             16  jdk.internal.reflect.GeneratedMethodAccessor50 (java.base@17.0.9)
1096:             1             16  jdk.internal.reflect.GeneratedMethodAccessor51 (java.base@17.0.9)
1097:             1             16  jdk.internal.reflect.GeneratedMethodAccessor52 (java.base@17.0.9)
1098:             1             16  jdk.internal.reflect.GeneratedMethodAccessor53 (java.base@17.0.9)
1099:             1             16  jdk.internal.reflect.GeneratedMethodAccessor54 (java.base@17.0.9)
1100:             1             16  jdk.internal.reflect.GeneratedMethodAccessor55 (java.base@17.0.9)
1101:             1             16  jdk.internal.reflect.GeneratedMethodAccessor56 (java.base@17.0.9)
1102:             1             16  jdk.internal.reflect.GeneratedMethodAccessor57 (java.base@17.0.9)
1103:             1             16  jdk.internal.reflect.GeneratedMethodAccessor58 (java.base@17.0.9)
1104:             1             16  jdk.internal.reflect.GeneratedMethodAccessor59 (java.base@17.0.9)
1105:             1             16  jdk.internal.reflect.GeneratedMethodAccessor6 (java.base@17.0.9)
1106:             1             16  jdk.internal.reflect.GeneratedMethodAccessor60 (java.base@17.0.9)
1107:             1             16  jdk.internal.reflect.GeneratedMethodAccessor61 (java.base@17.0.9)
1108:             1             16  jdk.internal.reflect.GeneratedMethodAccessor62 (java.base@17.0.9)
1109:             1             16  jdk.internal.reflect.GeneratedMethodAccessor63 (java.base@17.0.9)
1110:             1             16  jdk.internal.reflect.GeneratedMethodAccessor64 (java.base@17.0.9)
1111:             1             16  jdk.internal.reflect.GeneratedMethodAccessor65 (java.base@17.0.9)
1112:             1             16  jdk.internal.reflect.GeneratedMethodAccessor66 (java.base@17.0.9)
1113:             1             16  jdk.internal.reflect.GeneratedMethodAccessor67 (java.base@17.0.9)
1114:             1             16  jdk.internal.reflect.GeneratedMethodAccessor68 (java.base@17.0.9)
1115:             1             16  jdk.internal.reflect.GeneratedMethodAccessor69 (java.base@17.0.9)
1116:             1             16  jdk.internal.reflect.GeneratedMethodAccessor7 (java.base@17.0.9)
1117:             1             16  jdk.internal.reflect.GeneratedMethodAccessor70 (java.base@17.0.9)
1118:             1             16  jdk.internal.reflect.GeneratedMethodAccessor71 (java.base@17.0.9)
1119:             1             16  jdk.internal.reflect.GeneratedMethodAccessor72 (java.base@17.0.9)
1120:             1             16  jdk.internal.reflect.GeneratedMethodAccessor73 (java.base@17.0.9)
1121:             1             16  jdk.internal.reflect.GeneratedMethodAccessor74 (java.base@17.0.9)
1122:             1             16  jdk.internal.reflect.GeneratedMethodAccessor75 (java.base@17.0.9)
1123:             1             16  jdk.internal.reflect.GeneratedMethodAccessor76 (java.base@17.0.9)
1124:             1             16  jdk.internal.reflect.GeneratedMethodAccessor77 (java.base@17.0.9)
1125:             1             16  jdk.internal.reflect.GeneratedMethodAccessor78 (java.base@17.0.9)
1126:             1             16  jdk.internal.reflect.GeneratedMethodAccessor8 (java.base@17.0.9)
1127:             1             16  jdk.internal.reflect.GeneratedMethodAccessor9 (java.base@17.0.9)
1128:             1             16  jdk.internal.reflect.GeneratedSerializationConstructorAccessor1 (java.base@17.0.9)
1129:             1             16  jdk.internal.reflect.GeneratedSerializationConstructorAccessor10 (java.base@17.0.9)
1130:             1             16  jdk.internal.reflect.GeneratedSerializationConstructorAccessor11 (java.base@17.0.9)
1131:             1             16  jdk.internal.reflect.GeneratedSerializationConstructorAccessor12 (java.base@17.0.9)
1132:             1             16  jdk.internal.reflect.GeneratedSerializationConstructorAccessor13 (java.base@17.0.9)
1133:             1             16  jdk.internal.reflect.GeneratedSerializationConstructorAccessor14 (java.base@17.0.9)
1134:             1             16  jdk.internal.reflect.GeneratedSerializationConstructorAccessor15 (java.base@17.0.9)
1135:             1             16  jdk.internal.reflect.GeneratedSerializationConstructorAccessor16 (java.base@17.0.9)
1136:             1             16  jdk.internal.reflect.GeneratedSerializationConstructorAccessor17 (java.base@17.0.9)
1137:             1             16  jdk.internal.reflect.GeneratedSerializationConstructorAccessor18 (java.base@17.0.9)
1138:             1             16  jdk.internal.reflect.GeneratedSerializationConstructorAccessor19 (java.base@17.0.9)
1139:             1             16  jdk.internal.reflect.GeneratedSerializationConstructorAccessor2 (java.base@17.0.9)
1140:             1             16  jdk.internal.reflect.GeneratedSerializationConstructorAccessor20 (java.base@17.0.9)
1141:             1             16  jdk.internal.reflect.GeneratedSerializationConstructorAccessor21 (java.base@17.0.9)
1142:             1             16  jdk.internal.reflect.GeneratedSerializationConstructorAccessor22 (java.base@17.0.9)
1143:             1             16  jdk.internal.reflect.GeneratedSerializationConstructorAccessor23 (java.base@17.0.9)
1144:             1             16  jdk.internal.reflect.GeneratedSerializationConstructorAccessor24 (java.base@17.0.9)
1145:             1             16  jdk.internal.reflect.GeneratedSerializationConstructorAccessor25 (java.base@17.0.9)
1146:             1             16  jdk.internal.reflect.GeneratedSerializationConstructorAccessor26 (java.base@17.0.9)
1147:             1             16  jdk.internal.reflect.GeneratedSerializationConstructorAccessor27 (java.base@17.0.9)
1148:             1             16  jdk.internal.reflect.GeneratedSerializationConstructorAccessor28 (java.base@17.0.9)
1149:             1             16  jdk.internal.reflect.GeneratedSerializationConstructorAccessor29 (java.base@17.0.9)
1150:             1             16  jdk.internal.reflect.GeneratedSerializationConstructorAccessor3 (java.base@17.0.9)
1151:             1             16  jdk.internal.reflect.GeneratedSerializationConstructorAccessor30 (java.base@17.0.9)
1152:             1             16  jdk.internal.reflect.GeneratedSerializationConstructorAccessor31 (java.base@17.0.9)
1153:             1             16  jdk.internal.reflect.GeneratedSerializationConstructorAccessor32 (java.base@17.0.9)
1154:             1             16  jdk.internal.reflect.GeneratedSerializationConstructorAccessor33 (java.base@17.0.9)
1155:             1             16  jdk.internal.reflect.GeneratedSerializationConstructorAccessor34 (java.base@17.0.9)
1156:             1             16  jdk.internal.reflect.GeneratedSerializationConstructorAccessor35 (java.base@17.0.9)
1157:             1             16  jdk.internal.reflect.GeneratedSerializationConstructorAccessor36 (java.base@17.0.9)
1158:             1             16  jdk.internal.reflect.GeneratedSerializationConstructorAccessor37 (java.base@17.0.9)
1159:             1             16  jdk.internal.reflect.GeneratedSerializationConstructorAccessor38 (java.base@17.0.9)
1160:             1             16  jdk.internal.reflect.GeneratedSerializationConstructorAccessor39 (java.base@17.0.9)
1161:             1             16  jdk.internal.reflect.GeneratedSerializationConstructorAccessor4 (java.base@17.0.9)
1162:             1             16  jdk.internal.reflect.GeneratedSerializationConstructorAccessor5 (java.base@17.0.9)
1163:             1             16  jdk.internal.reflect.GeneratedSerializationConstructorAccessor6 (java.base@17.0.9)
1164:             1             16  jdk.internal.reflect.GeneratedSerializationConstructorAccessor7 (java.base@17.0.9)
1165:             1             16  jdk.internal.reflect.GeneratedSerializationConstructorAccessor8 (java.base@17.0.9)
1166:             1             16  jdk.internal.reflect.GeneratedSerializationConstructorAccessor9 (java.base@17.0.9)
1167:             1             16  jdk.internal.reflect.ReflectionFactory (java.base@17.0.9)
1168:             1             16  jdk.jfr.FlightRecorderPermission$InternalAccess (jdk.jfr@17.0.9)
1169:             1             16  jdk.jfr.internal.JVM (jdk.jfr@17.0.9)
1170:             1             16  jdk.jfr.internal.JVM$ChunkRotationMonitor (jdk.jfr@17.0.9)
1171:             1             16  jdk.jfr.internal.SecuritySupport$Privileged (jdk.jfr@17.0.9)
1172:             1             16  jdk.jfr.internal.consumer.FileAccess$UnPrivileged (jdk.jfr@17.0.9)
1173:             1             16  jdk.jfr.internal.dcmd.DCmdCheck$$Lambda$66/0x0000018648030058 (jdk.jfr@17.0.9)
1174:             1             16  jdk.jfr.internal.dcmd.DCmdDump$$Lambda$65/0x000001864802fe40 (jdk.jfr@17.0.9)
1175:             1             16  jdk.jfr.internal.dcmd.DCmdStart$$Lambda$64/0x000001864802fc28 (jdk.jfr@17.0.9)
1176:             1             16  jdk.jfr.internal.dcmd.DCmdStop$$Lambda$63/0x000001864802d298 (jdk.jfr@17.0.9)
1177:             1             16  jdk.management.jfr.SettingDescriptorInfo$1 (jdk.management.jfr@17.0.9)
1178:             1             16  jdk.net.ExtendedSocketOptions$PlatformSocketOptions (jdk.net@17.0.9)
1179:             1             16  ru.job4j.tracker.CreateManyItems
1180:             1             16  ru.job4j.tracker.DeleteAllItems
1181:             1             16  ru.job4j.tracker.DeleteAllItems$$Lambda$132/0x00000186480e4238
1182:             1             16  ru.job4j.tracker.StartUI
1183:             1             16  ru.job4j.tracker.action.Create
1184:             1             16  ru.job4j.tracker.action.Delete
1185:             1             16  ru.job4j.tracker.action.Exit
1186:             1             16  ru.job4j.tracker.action.FindAll
1187:             1             16  ru.job4j.tracker.action.FindById
1188:             1             16  ru.job4j.tracker.action.FindByName
1189:             1             16  ru.job4j.tracker.action.Replace
1190:             1             16  ru.job4j.tracker.input.Console
1191:             1             16  ru.job4j.tracker.output.Console
1192:             1             16  sun.management.ClassLoadingImpl (java.management@17.0.9)
1193:             1             16  sun.management.ManagementFactoryHelper$$Lambda$127/0x00000186480b20a8 (java.management@17.0.9)
1194:             1             16  sun.management.ManagementFactoryHelper$$Lambda$128/0x00000186480b22e0 (java.management@17.0.9)
1195:             1             16  sun.management.ManagementFactoryHelper$$Lambda$67/0x0000018648035998 (java.management@17.0.9)
1196:             1             16  sun.management.jmxremote.ConnectorBootstrap$PermanentExporter (jdk.management.agent@17.0.9)
1197:             1             16  sun.management.jmxremote.LocalRMIServerSocketFactory (jdk.management.agent@17.0.9)
1198:             1             16  sun.net.spi.DefaultProxySelector (java.base@17.0.9)
1199:             1             16  sun.net.www.protocol.file.Handler (java.base@17.0.9)
1200:             1             16  sun.net.www.protocol.jar.Handler (java.base@17.0.9)
1201:             1             16  sun.net.www.protocol.jrt.Handler (java.base@17.0.9)
1202:             1             16  sun.nio.ch.ExtendedSocketOption$1 (java.base@17.0.9)
1203:             1             16  sun.nio.ch.FileChannelImpl$1 (java.base@17.0.9)
1204:             1             16  sun.nio.ch.FileChannelImpl$2 (java.base@17.0.9)
1205:             1             16  sun.nio.ch.Net$1 (java.base@17.0.9)
1206:             1             16  sun.nio.ch.SocketDispatcher (java.base@17.0.9)
1207:             1             16  sun.nio.ch.Util$1 (java.base@17.0.9)
1208:             1             16  sun.nio.fs.NativeBuffers$1 (java.base@17.0.9)
1209:             1             16  sun.nio.fs.WindowsFileSystemProvider (java.base@17.0.9)
1210:             1             16  sun.reflect.generics.tree.BottomSignature (java.base@17.0.9)
1211:             1             16  sun.reflect.generics.tree.LongSignature (java.base@17.0.9)
1212:             1             16  sun.reflect.generics.tree.TypeVariableSignature (java.base@17.0.9)
1213:             1             16  sun.reflect.generics.tree.VoidDescriptor (java.base@17.0.9)
1214:             1             16  sun.rmi.runtime.Log$$Lambda$85/0x0000018648010a10 (java.rmi@17.0.9)
1215:             1             16  sun.rmi.runtime.Log$LoggerLogFactory (java.rmi@17.0.9)
1216:             1             16  sun.rmi.runtime.RuntimeUtil (java.rmi@17.0.9)
1217:             1             16  sun.rmi.runtime.RuntimeUtil$$Lambda$109/0x000001864808b028 (java.rmi@17.0.9)
1218:             1             16  sun.rmi.server.LoaderHandler$$Lambda$121/0x000001864809cd20 (java.rmi@17.0.9)
1219:             1             16  sun.rmi.server.LoaderHandler$$Lambda$122/0x000001864809cf38 (java.rmi@17.0.9)
1220:             1             16  sun.rmi.server.MarshalInputStream$$Lambda$118/0x000001864809a680 (java.rmi@17.0.9)
1221:             1             16  sun.rmi.server.MarshalOutputStream$1 (java.rmi@17.0.9)
1222:             1             16  sun.rmi.server.UnicastRef (java.rmi@17.0.9)
1223:             1             16  sun.rmi.server.UnicastRef$$Lambda$88/0x0000018648012ac8 (java.rmi@17.0.9)
1224:             1             16  sun.rmi.server.UnicastServerRef$$Lambda$89/0x0000018648012ce0 (java.rmi@17.0.9)
1225:             1             16  sun.rmi.server.UnicastServerRef$$Lambda$90/0x0000018648012ef8 (java.rmi@17.0.9)
1226:             1             16  sun.rmi.server.UnicastServerRef$$Lambda$91/0x0000018648013110 (java.rmi@17.0.9)
1227:             1             16  sun.rmi.server.UnicastServerRef$HashToMethod_Maps (java.rmi@17.0.9)
1228:             1             16  sun.rmi.server.Util$$Lambda$84/0x000001864803fd58 (java.rmi@17.0.9)
1229:             1             16  sun.rmi.server.Util$$Lambda$87/0x00000186480128b0 (java.rmi@17.0.9)
1230:             1             16  sun.rmi.transport.DGCAckHandler$$Lambda$123/0x00000186480a6a30 (java.rmi@17.0.9)
1231:             1             16  sun.rmi.transport.DGCImpl$$Lambda$106/0x000001864808a5b0 (java.rmi@17.0.9)
1232:             1             16  sun.rmi.transport.DGCImpl$$Lambda$107/0x000001864808a7c8 (java.rmi@17.0.9)
1233:             1             16  sun.rmi.transport.DGCImpl$$Lambda$108/0x000001864808a9e0 (java.rmi@17.0.9)
1234:             1             16  sun.rmi.transport.DGCImpl$$Lambda$110/0x000001864808d220 (java.rmi@17.0.9)
1235:             1             16  sun.rmi.transport.DGCImpl$1 (java.rmi@17.0.9)
1236:             1             16  sun.rmi.transport.DGCImpl$2$$Lambda$111/0x000001864808d858 (java.rmi@17.0.9)
1237:             1             16  sun.rmi.transport.DGCImpl_Skel (java.rmi@17.0.9)
1238:             1             16  sun.rmi.transport.DGCImpl_Stub (java.rmi@17.0.9)
1239:             1             16  sun.rmi.transport.ObjectTable$$Lambda$105/0x0000018648089f78 (java.rmi@17.0.9)
1240:             1             16  sun.rmi.transport.Transport$$Lambda$100/0x00000186480850c0 (java.rmi@17.0.9)
1241:             1             16  sun.rmi.transport.tcp.TCPChannel$$Lambda$113/0x00000186480981b8 (java.rmi@17.0.9)
1242:             1             16  sun.rmi.transport.tcp.TCPChannel$$Lambda$114/0x00000186480983d0 (java.rmi@17.0.9)
1243:             1             16  sun.rmi.transport.tcp.TCPChannel$$Lambda$115/0x00000186480985e8 (java.rmi@17.0.9)
1244:             1             16  sun.rmi.transport.tcp.TCPDirectSocketFactory (java.rmi@17.0.9)
1245:             1             16  sun.rmi.transport.tcp.TCPEndpoint$$Lambda$98/0x00000186480845f8 (java.rmi@17.0.9)
1246:             1             16  sun.rmi.transport.tcp.TCPTransport$$Lambda$101/0x00000186480852d8 (java.rmi@17.0.9)
1247:             1             16  sun.rmi.transport.tcp.TCPTransport$$Lambda$102/0x00000186480854f0 (java.rmi@17.0.9)
1248:             1             16  sun.rmi.transport.tcp.TCPTransport$$Lambda$103/0x0000018648085708 (java.rmi@17.0.9)
1249:             1             16  sun.rmi.transport.tcp.TCPTransport$$Lambda$104/0x00000186480881c0 (java.rmi@17.0.9)
1250:             1             16  sun.rmi.transport.tcp.TCPTransport$1 (java.rmi@17.0.9)
1251:             1             16  sun.security.provider.AbstractDrbg$$Lambda$93/0x000001864801c478 (java.base@17.0.9)
1252:             1             16  sun.security.provider.AbstractDrbg$SeederHolder$$Lambda$96/0x0000018648083638 (java.base@17.0.9)
1253:             1             16  sun.security.provider.DRBG$$Lambda$92/0x000001864801af68 (java.base@17.0.9)
1254:             1             16  sun.security.provider.NativeSeedGenerator (java.base@17.0.9)
1255:             1             16  sun.util.calendar.Gregorian (java.base@17.0.9)
1256:             1             16  sun.util.cldr.CLDRBaseLocaleDataMetaInfo (java.base@17.0.9)
1257:             1             16  sun.util.cldr.CLDRLocaleProviderAdapter$$Lambda$51/0x800000059 (java.base@17.0.9)
1258:             1             16  sun.util.locale.InternalLocaleBuilder$CaseInsensitiveChar (java.base@17.0.9)
1259:             1             16  sun.util.locale.provider.TimeZoneNameUtility$TimeZoneNameGetter (java.base@17.0.9)
1260:             1             16  sun.util.logging.internal.LoggingProviderImpl (java.logging@17.0.9)
1261:             1             16  sun.util.resources.LocaleData$LocaleDataStrategy (java.base@17.0.9)
1262:             1             16  sun.util.resources.cldr.provider.CLDRLocaleDataMetaInfo (jdk.localedata@17.0.9)
Total       7152469      226052784

2.1. В начале работы приложения при запуске команды jstat -gs 7008 1s 10 получаем следующую информацию:
Использование памяти
  - Текущий размер Eden Space Survivor0 и Survivor1: 0 В
  - Текущее использование Eden Space Survivor0 и Survivor1: 0 В
  - Текущий размер Eden Space: 28 МВ
  - Текущее использование Eden Space: 4 МВ
  - Текущий размер Old Generation: 484 MB
  - Текущее использование Old Generation: 0 MB
  - Текущий размер и использование Metaspace: 0 MB
2.2. Спустя две минуты работы приложения (с приложением взаимодействия не было)
Использование памяти
  - Текущий размер Eden Space Survivor0: 0 В
  - Текущий размер Eden Space Survivor1: 4 МВ
  - Текущее использование Eden Space Survivor0: 0 В
  - Текущее использование Eden Space Survivor1: 668,9 В
  - Текущий размер Eden Space: 68 МВ
  - Текущее использование Eden Space: 12 МВ
  - Текущий размер Old Generation: 440 MB
  - Текущее использование Old Generation: 3,8 МB
  - Текущий размер Metaspace: 7,375 MB
  - Текущее использование Metaspace: 7,06 МВ
Дважды запускалась сборка мусора молодых объектов с общим затраченным временем 0,015 мс
2.3. После добавления 1 заявки все показатели остались неизмены, кроме:
  - Текущее использование 60 МВ
2.4. После добавления 1000 заявок все показатели остались неизмены, кроме:
  - Текущее использование 80 МВ
2.5. После удаления всех заявок показатели не изменились.
2.6. После добавления 5000 заявок и их удаления:
  - Текущий размер Eden Space: 316 МВ
  - Текущее использование Eden Space: 96 МВ
2.7. После добавления 1 000 000 заявок:
  - Текущий размер Eden Space Survivor0: 0 В
  - Текущий размер Eden Space Survivor1: 8 МВ
  - Текущее использование Eden Space Survivor0: 0 В
  - Текущее использование Eden Space Survivor1: 8 МВ
  - Текущий размер Eden Space: 135168 В
  - Текущее использование Eden Space: 40960 МВ
  - Текущий размер Old Generation: 1392 MB
  - Текущее использование Old Generation: 204,6 МB
  - Текущий размер Metaspace: 7,375 MB
  - Текущее использование Metaspace: 7,06 МВ
11 раз запускалась сборка мусора молодых объектов с общим затраченным временем 0,178 мс

3)
3.1 В начале работы приложения при запуске приложения jconsole:
  - Initial Heap Size: 512 MB
  - Maximum Heap Size: 8806,4 MB
3.2 После добавления и удаления 5000 заявок:
  - Текущее использование памяти: 113,2 MB
3.3. После добавления 1 000 000 заявок:
  - Текущее использование памяти: 277,5 MB
3.4. При запуске метода удаления всех заявок при их большом количестве резко увеличивается CPU Usage (в диапазоне от 20 % до 40 %), сам метод очень долго отрабатывает до следующего отклика.

